Archive member included to satisfy reference by file (symbol)

D:/Program files/SeggerIDE/lib/libm_v7em_fpv4_sp_d16_hard_t_le_eabi.a(libm_asm.o)
                              Output/wristwatch-data_buffering-features Debug/Obj/calculation_features.o (__aeabi_dadd)
D:/Program files/SeggerIDE/lib/libm_v7em_fpv4_sp_d16_hard_t_le_eabi.a(libm2.o)
                              Output/wristwatch-data_buffering-features Debug/Obj/calculation_features.o (log)
D:/Program files/SeggerIDE/lib/libc_v7em_fpv4_sp_d16_hard_t_le_eabi.a(libc2.o)
                              D:/Program files/SeggerIDE/lib/libm_v7em_fpv4_sp_d16_hard_t_le_eabi.a(libm2.o) (__aeabi_errno_addr)
D:/Program files/SeggerIDE/lib/libc_v7em_fpv4_sp_d16_hard_t_le_eabi.a(libc2_asm.o)
                              Output/wristwatch-data_buffering-features Debug/Obj/nrf_memobj.o (memcpy)
D:/Program files/SeggerIDE/lib/libc_v7em_fpv4_sp_d16_hard_t_le_eabi.a(libc.o)
                              D:/Program files/SeggerIDE/lib/libc_v7em_fpv4_sp_d16_hard_t_le_eabi.a(libc2.o) (__heap_lock)
D:/Program files/SeggerIDE/lib/libc_v7em_fpv4_sp_d16_hard_t_le_eabi.a(libc_asm.o)
                              D:/Program files/SeggerIDE/lib/libc_v7em_fpv4_sp_d16_hard_t_le_eabi.a(libc2.o) (__aeabi_uldivmod)
D:/Program files/SeggerIDE/lib/libdebugio_v7em_fpv4_sp_d16_hard_t_le_eabi.a(libdebugio.o)
                              Output/wristwatch-data_buffering-features Debug/Obj/thumb_crt0.o (debug_fopen)
../../../../../../components/toolchain/cmsis/dsp/GCC/libarm_cortexM4lf_math.a(arm_max_f32.o)
                              Output/wristwatch-data_buffering-features Debug/Obj/calculation_features.o (arm_max_f32)
../../../../../../components/toolchain/cmsis/dsp/GCC/libarm_cortexM4lf_math.a(arm_rfft_fast_init_f32.o)
                              Output/wristwatch-data_buffering-features Debug/Obj/calculation_features.o (arm_rfft_fast_init_f32)
../../../../../../components/toolchain/cmsis/dsp/GCC/libarm_cortexM4lf_math.a(arm_rfft_fast_f32.o)
                              Output/wristwatch-data_buffering-features Debug/Obj/calculation_features.o (arm_rfft_fast_f32)
../../../../../../components/toolchain/cmsis/dsp/GCC/libarm_cortexM4lf_math.a(arm_cfft_f32.o)
                              ../../../../../../components/toolchain/cmsis/dsp/GCC/libarm_cortexM4lf_math.a(arm_rfft_fast_f32.o) (arm_cfft_f32)
../../../../../../components/toolchain/cmsis/dsp/GCC/libarm_cortexM4lf_math.a(arm_bitreversal2.o)
                              ../../../../../../components/toolchain/cmsis/dsp/GCC/libarm_cortexM4lf_math.a(arm_cfft_f32.o) (arm_bitreversal_32)
../../../../../../components/toolchain/cmsis/dsp/GCC/libarm_cortexM4lf_math.a(arm_conv_f32.o)
                              Output/wristwatch-data_buffering-features Debug/Obj/filter_logic.o (arm_conv_f32)
../../../../../../components/toolchain/cmsis/dsp/GCC/libarm_cortexM4lf_math.a(arm_common_tables.o)
                              ../../../../../../components/toolchain/cmsis/dsp/GCC/libarm_cortexM4lf_math.a(arm_rfft_fast_init_f32.o) (twiddleCoef_rfft_4096)
../../../../../../components/toolchain/cmsis/dsp/GCC/libarm_cortexM4lf_math.a(arm_cfft_radix8_f32.o)
                              ../../../../../../components/toolchain/cmsis/dsp/GCC/libarm_cortexM4lf_math.a(arm_cfft_f32.o) (arm_radix8_butterfly_f32)
D:/Program files/SeggerIDE/lib/libdebugio_mempoll_v7em_fpv4_sp_d16_hard_t_le_eabi.a(mempoll_debug_operations.o)
                              D:/Program files/SeggerIDE/lib/libdebugio_v7em_fpv4_sp_d16_hard_t_le_eabi.a(libdebugio.o) (__do_debug_operation)
D:/Program files/SeggerIDE/lib/libdebugio_mempoll_v7em_fpv4_sp_d16_hard_t_le_eabi.a(do_nv_debug_operation.o)
                              D:/Program files/SeggerIDE/lib/libdebugio_v7em_fpv4_sp_d16_hard_t_le_eabi.a(libdebugio.o) (__do_nvdebug_operation)

Discarded input sections

 .text          0x0000000000000000        0x0 Output/wristwatch-data_buffering-features Debug/Obj/thumb_crt0.o
 .data          0x0000000000000000        0x0 Output/wristwatch-data_buffering-features Debug/Obj/thumb_crt0.o
 .bss           0x0000000000000000        0x0 Output/wristwatch-data_buffering-features Debug/Obj/thumb_crt0.o
 .text.abort    0x0000000000000000        0x2 Output/wristwatch-data_buffering-features Debug/Obj/thumb_crt0.o
 .text.__assert
                0x0000000000000000        0x2 Output/wristwatch-data_buffering-features Debug/Obj/thumb_crt0.o
 .text.__assert_func
                0x0000000000000000        0x2 Output/wristwatch-data_buffering-features Debug/Obj/thumb_crt0.o
 .text.__aeabi_assert
                0x0000000000000000        0x2 Output/wristwatch-data_buffering-features Debug/Obj/thumb_crt0.o
 .text.__sync_synchronize
                0x0000000000000000        0x2 Output/wristwatch-data_buffering-features Debug/Obj/thumb_crt0.o
 .text.__getchar
                0x0000000000000000        0x4 Output/wristwatch-data_buffering-features Debug/Obj/thumb_crt0.o
 .text.__putchar
[...]
Memory Configuration

Name             Origin             Length             Attributes
UNPLACED_SECTIONS 0x0000000100000000 0x0000000000000000 xw
RAM              0x0000000020000000 0x0000000000040000 xw
FLASH            0x0000000000000000 0x0000000000100000 xw
*default*        0x0000000000000000 0xffffffffffffffff

Linker script and memory map

                0x00000000000069a8                __vfprintf = __vfprintf_short_float_long
                0x0000000000000000                __vfscanf = __vfscanf_float_long
                0x0000000020000000                __RAM_segment_start__ = 0x20000000
                0x0000000020040000                __RAM_segment_end__ = 0x20040000
                0x0000000000040000                __RAM_segment_size__ = 0x40000
                0x0000000000000000                __FLASH_segment_start__ = 0x0
                0x0000000000100000                __FLASH_segment_end__ = 0x100000
                0x0000000000100000                __FLASH_segment_size__ = 0x100000
                0x0000000000002000                __HEAPSIZE__ = 0x2000
                0x0000000000000000                __STACKSIZE_PROCESS__ = 0x0
                0x0000000000002000                __STACKSIZE__ = 0x2000
                0x0000000020000000                __vectors_ram_load_start__ = 0x20000000

.vectors_ram    0x0000000020000000        0x0
                0x0000000020000000                __vectors_ram_start__ = .
                0x0000000020000000                __app_ram_start__ = __vectors_ram_start__
 *(.vectors_ram .vectors_ram.*)
                0x0000000020000000                __vectors_ram_end__ = (__vectors_ram_start__ + SIZEOF (.vectors_ram))
                0x0000000000000000                __vectors_ram_size__ = SIZEOF (.vectors_ram)
                0x0000000020000000                __vectors_ram_load_end__ = __vectors_ram_end__
                0x0000000000000001                . = ASSERT (((__vectors_ram_start__ == __vectors_ram_end__) || ((__vectors_ram_end__ - __RAM_segment_start__) <= __RAM_segment_size__)), error: .vectors_ram is too large to fit in RAM memory segment)
                0x0000000020000000                __nrf_sections_run_load_start__ = ALIGN (__vectors_ram_end__, 0x4)

.nrf_sections_run
                0x0000000020000000        0x0
                0x0000000020000000                __nrf_sections_run_start__ = .
                0x0000000020000000                __start_nrf_sections_run = __nrf_sections_run_start__
 *(.nrf_sections_run .nrf_sections_run.*)
                0x0000000020000000                __nrf_sections_run_end__ = (__nrf_sections_run_start__ + SIZEOF (.nrf_sections_run))
                0x0000000000000000                __nrf_sections_run_size__ = SIZEOF (.nrf_sections_run)
                0x0000000020000000                __nrf_sections_run_load_end__ = __nrf_sections_run_end__
                0x0000000000000001                . = ASSERT (((__nrf_sections_run_start__ == __nrf_sections_run_end__) || ((__nrf_sections_run_end__ - __RAM_segment_start__) <= __RAM_segment_size__)), error: .nrf_sections_run is too large to fit in RAM memory segment)
                0x0000000000000000                __vectors_load_start__ = 0x0

.vectors        0x0000000000000000      0x200
                0x0000000000000000                __vectors_start__ = .
 *(.vectors .vectors.*)
 .vectors       0x0000000000000000      0x200 Output/wristwatch-data_buffering-features Debug/Obj/ses_startup_nrf52840.o
                0x0000000000000000                _vectors
                0x0000000000000200                __vectors_end__ = (__vectors_start__ + SIZEOF (.vectors))
                0x0000000000000200                __vectors_size__ = SIZEOF (.vectors)
                0x0000000000000200                __vectors_load_end__ = __vectors_end__
                0x0000000000000001                . = ASSERT (((__vectors_start__ == __vectors_end__) || ((__vectors_end__ - __FLASH_segment_start__) <= __FLASH_segment_size__)), error: .vectors is too large to fit in FLASH memory segment)
                0x0000000000000200                __init_load_start__ = ALIGN (__vectors_end__, 0x4)

.init           0x0000000000000200      0x1d0
                0x0000000000000200                __init_start__ = .
 *(.init .init.*)
 .init          0x0000000000000200      0x15c Output/wristwatch-data_buffering-features Debug/Obj/thumb_crt0.o
                0x0000000000000200                _start
                0x00000000000002b4                exit
 .init          0x000000000000035c       0x18 Output/wristwatch-data_buffering-features Debug/Obj/ses_startup_nrf52840.o
                0x000000000000035c                NMI_Handler
                0x000000000000035e                HardFault_Handler
                0x0000000000000360                MemoryManagement_Handler
                0x0000000000000362                BusFault_Handler
                0x0000000000000364                UsageFault_Handler
                0x0000000000000366                SVC_Handler
                0x0000000000000368                DebugMon_Handler
                0x000000000000036a                PendSV_Handler
                0x000000000000036c                SysTick_Handler
                0x000000000000036e                PWM1_IRQHandler
                0x000000000000036e                RTC0_IRQHandler
                0x000000000000036e                POWER_CLOCK_IRQHandler
                0x000000000000036e                RADIO_IRQHandler
                0x000000000000036e                PDM_IRQHandler
                0x000000000000036e                TEMP_IRQHandler
                0x000000000000036e                QDEC_IRQHandler
                0x000000000000036e                TIMER3_IRQHandler
                0x000000000000036e                PWM3_IRQHandler
                0x000000000000036e                FPU_IRQHandler
                0x000000000000036e                USBD_IRQHandler
                0x000000000000036e                QSPI_IRQHandler
                0x000000000000036e                TIMER4_IRQHandler
                0x000000000000036e                CRYPTOCELL_IRQHandler
                0x000000000000036e                SWI2_EGU2_IRQHandler
                0x000000000000036e                SWI4_EGU4_IRQHandler
                0x000000000000036e                TIMER0_IRQHandler
                0x000000000000036e                UARTE1_IRQHandler
                0x000000000000036e                Dummy_Handler
                0x000000000000036e                TIMER1_IRQHandler
                0x000000000000036e                SPIM3_IRQHandler
                0x000000000000036e                PWM2_IRQHandler
                0x000000000000036e                ECB_IRQHandler
                0x000000000000036e                SPIM1_SPIS1_TWIM1_TWIS1_SPI1_TWI1_IRQHandler
                0x000000000000036e                SAADC_IRQHandler
                0x000000000000036e                CCM_AAR_IRQHandler
                0x000000000000036e                WDT_IRQHandler
                0x000000000000036e                SWI0_EGU0_IRQHandler
                0x000000000000036e                SWI5_EGU5_IRQHandler
                0x000000000000036e                RNG_IRQHandler
                0x000000000000036e                RTC2_IRQHandler
                0x000000000000036e                PWM0_IRQHandler
                0x000000000000036e                SWI3_EGU3_IRQHandler
                0x000000000000036e                RTC1_IRQHandler
                0x000000000000036e                SWI1_EGU1_IRQHandler
                0x000000000000036e                SPIM2_SPIS2_SPI2_IRQHandler
                0x000000000000036e                NFCT_IRQHandler
                0x000000000000036e                I2S_IRQHandler
                0x000000000000036e                MWU_IRQHandler
                0x000000000000036e                TIMER2_IRQHandler
                0x000000000000036e                COMP_LPCOMP_IRQHandler
                0x0000000000000370                nRFInitialize
 .init          0x0000000000000374       0x5c Output/wristwatch-data_buffering-features Debug/Obj/ses_startup_nrf_common.o
                0x0000000000000374                Reset_Handler
                0x0000000000000378                afterInitialize
                0x000000000000039c                InitializeUserMemorySections
                0x00000000000003d0                __init_end__ = (__init_start__ + SIZEOF (.init))
                0x00000000000001d0                __init_size__ = SIZEOF (.init)
                0x00000000000003d0                __init_load_end__ = __init_end__
                0x0000000000000001                . = ASSERT (((__init_start__ == __init_end__) || ((__init_end__ - __FLASH_segment_start__) <= __FLASH_segment_size__)), error: .init is too large to fit in FLASH memory segment)
                0x00000000000003d0                __init_rodata_load_start__ = ALIGN (__init_end__, 0x4)

.init_rodata    0x00000000000003d0        0x0
                0x00000000000003d0                __init_rodata_start__ = .
 *(.init_rodata .init_rodata.*)
                0x00000000000003d0                __init_rodata_end__ = (__init_rodata_start__ + SIZEOF (.init_rodata))
                0x0000000000000000                __init_rodata_size__ = SIZEOF (.init_rodata)
                0x00000000000003d0                __init_rodata_load_end__ = __init_rodata_end__
                0x0000000000000001                . = ASSERT (((__init_rodata_start__ == __init_rodata_end__) || ((__init_rodata_end__ - __FLASH_segment_start__) <= __FLASH_segment_size__)), error: .init_rodata is too large to fit in FLASH memory segment)
                0x00000000000003d0                __text_load_start__ = ALIGN (__init_rodata_end__, 0x4)

.text           0x00000000000003d0     0x78d8
                0x00000000000003d0                __text_start__ = .
 *(.text .text.* .glue_7t .glue_7 .gnu.linkonce.t.* .gcc_except_table .ARM.extab* .gnu.linkonce.armextab.*)
 .glue_7        0x00000000000003d0        0x0 linker stubs
 .glue_7t       0x00000000000003d0        0x0 linker stubs
 .text.__aeabi_read_tp
                0x00000000000003d0        0x8 Output/wristwatch-data_buffering-features Debug/Obj/thumb_crt0.o
                0x00000000000003d0                __aeabi_read_tp
 .text.nrf_gpio_pin_port_decode
                0x00000000000003d8       0x4c Output/wristwatch-data_buffering-features Debug/Obj/boards.o
 .text.nrf_gpio_cfg
                0x0000000000000424       0x62 Output/wristwatch-data_buffering-features Debug/Obj/boards.o
 .text.nrf_gpio_cfg_output
                0x0000000000000486       0x22 Output/wristwatch-data_buffering-features Debug/Obj/boards.o
 .text.nrf_gpio_cfg_input
                0x00000000000004a8       0x2a Output/wristwatch-data_buffering-features Debug/Obj/boards.o
 .text.nrf_gpio_pin_set
                0x00000000000004d2       0x28 Output/wristwatch-data_buffering-features Debug/Obj/boards.o
 .text.nrf_gpio_pin_clear
                0x00000000000004fa       0x28 Output/wristwatch-data_buffering-features Debug/Obj/boards.o
 .text.nrf_gpio_pin_toggle
                0x0000000000000522       0x44 Output/wristwatch-data_buffering-features Debug/Obj/boards.o
 .text.nrf_gpio_pin_write
                0x0000000000000566       0x24 Output/wristwatch-data_buffering-features Debug/Obj/boards.o
 .text.nrf_gpio_port_out_set
                0x000000000000058a       0x14 Output/wristwatch-data_buffering-features Debug/Obj/boards.o
 .text.nrf_gpio_port_out_clear
                0x000000000000059e       0x14 Output/wristwatch-data_buffering-features Debug/Obj/boards.o
 .text.nrf_gpio_pin_present_check
                0x00000000000005b2       0x50 Output/wristwatch-data_buffering-features Debug/Obj/boards.o
 *fill*         0x0000000000000602        0x2 
 .text.bsp_board_led_off
                0x0000000000000604       0x34 Output/wristwatch-data_buffering-features Debug/Obj/boards.o
                0x0000000000000604                bsp_board_led_off
 .text.bsp_board_leds_off
                0x0000000000000638       0x26 Output/wristwatch-data_buffering-features Debug/Obj/boards.o
                0x0000000000000638                bsp_board_leds_off
 *fill*         0x000000000000065e        0x2 
 .text.bsp_board_led_invert
                0x0000000000000660       0x34 Output/wristwatch-data_buffering-features Debug/Obj/boards.o
                0x0000000000000660                bsp_board_led_invert
 .text.bsp_board_leds_init
                0x0000000000000694       0x34 Output/wristwatch-data_buffering-features Debug/Obj/boards.o
 .text.bsp_board_buttons_init
                0x00000000000006c8       0x34 Output/wristwatch-data_buffering-features Debug/Obj/boards.o
 .text.bsp_board_init
                0x00000000000006fc       0x2a Output/wristwatch-data_buffering-features Debug/Obj/boards.o
                0x00000000000006fc                bsp_board_init
 *fill*         0x0000000000000726        0x2 
 .text.app_error_save_and_stop
                0x0000000000000728       0x98 Output/wristwatch-data_buffering-features Debug/Obj/app_error.o
                0x0000000000000728                app_error_save_and_stop
 .text.app_error_handler
                0x00000000000007c0       0x1c Output/wristwatch-data_buffering-features Debug/Obj/app_error_handler_gcc.o
                0x00000000000007c0                app_error_handler
 .text.app_error_fault_handler
                0x00000000000007dc       0x54 Output/wristwatch-data_buffering-features Debug/Obj/app_error_weak.o
                0x00000000000007dc                app_error_fault_handler
 .text.fifo_length
                0x0000000000000830       0x18 Output/wristwatch-data_buffering-features Debug/Obj/app_fifo.o
 .text.fifo_put
                0x0000000000000848       0x30 Output/wristwatch-data_buffering-features Debug/Obj/app_fifo.o
 .text.fifo_peek
                0x0000000000000878       0x2e Output/wristwatch-data_buffering-features Debug/Obj/app_fifo.o
 .text.fifo_get
                0x00000000000008a6       0x24 Output/wristwatch-data_buffering-features Debug/Obj/app_fifo.o
 .text.app_fifo_init
                0x00000000000008ca       0x58 Output/wristwatch-data_buffering-features Debug/Obj/app_fifo.o
                0x00000000000008ca                app_fifo_init
 .text.app_fifo_put
                0x0000000000000922       0x36 Output/wristwatch-data_buffering-features Debug/Obj/app_fifo.o
                0x0000000000000922                app_fifo_put
 .text.app_fifo_get
                0x0000000000000958       0x2a Output/wristwatch-data_buffering-features Debug/Obj/app_fifo.o
                0x0000000000000958                app_fifo_get
 *fill*         0x0000000000000982        0x2 
 .text.nrf_drv_uart_tx
                0x0000000000000984       0x64 Output/wristwatch-data_buffering-features Debug/Obj/app_uart_fifo.o
 .text.nrf_drv_uart_tx_in_progress
                0x00000000000009e8       0x5c Output/wristwatch-data_buffering-features Debug/Obj/app_uart_fifo.o
 .text.nrf_drv_uart_rx
                0x0000000000000a44       0x64 Output/wristwatch-data_buffering-features Debug/Obj/app_uart_fifo.o
 .text.fifo_length
                0x0000000000000aa8       0x18 Output/wristwatch-data_buffering-features Debug/Obj/app_uart_fifo.o
 .text.uart_event_handler
                0x0000000000000ac0      0x110 Output/wristwatch-data_buffering-features Debug/Obj/app_uart_fifo.o
 .text.app_uart_init
                0x0000000000000bd0      0x120 Output/wristwatch-data_buffering-features Debug/Obj/app_uart_fifo.o
                0x0000000000000bd0                app_uart_init
 .text.app_uart_put
                0x0000000000000cf0       0x60 Output/wristwatch-data_buffering-features Debug/Obj/app_uart_fifo.o
                0x0000000000000cf0                app_uart_put
 .text.app_util_disable_irq
                0x0000000000000d50       0x18 Output/wristwatch-data_buffering-features Debug/Obj/app_util_platform.o
                0x0000000000000d50                app_util_disable_irq
 .text.app_util_enable_irq
                0x0000000000000d68       0x20 Output/wristwatch-data_buffering-features Debug/Obj/app_util_platform.o
                0x0000000000000d68                app_util_enable_irq
 .text.app_util_critical_region_enter
                0x0000000000000d88       0x28 Output/wristwatch-data_buffering-features Debug/Obj/app_util_platform.o
                0x0000000000000d88                app_util_critical_region_enter
 .text.app_util_critical_region_exit
                0x0000000000000db0       0x2c Output/wristwatch-data_buffering-features Debug/Obj/app_util_platform.o
                0x0000000000000db0                app_util_critical_region_exit
 .text.privilege_level_get
                0x0000000000000ddc       0x3a Output/wristwatch-data_buffering-features Debug/Obj/app_util_platform.o
                0x0000000000000ddc                privilege_level_get
 .text.assert_nrf_callback
                0x0000000000000e16       0x2c Output/wristwatch-data_buffering-features Debug/Obj/nrf_assert.o
                0x0000000000000e16                assert_nrf_callback
 .text.__putchar
                0x0000000000000e42       0x1c Output/wristwatch-data_buffering-features Debug/Obj/retarget.o
                0x0000000000000e42                __putchar
 *fill*         0x0000000000000e5e        0x2 
 .text.uarte_evt_handler
                0x0000000000000e60       0x50 Output/wristwatch-data_buffering-features Debug/Obj/nrf_drv_uart.o
 .text.uart_evt_handler
                0x0000000000000eb0       0x50 Output/wristwatch-data_buffering-features Debug/Obj/nrf_drv_uart.o
 .text.nrf_drv_uart_init
                0x0000000000000f00       0xdc Output/wristwatch-data_buffering-features Debug/Obj/nrf_drv_uart.o
                0x0000000000000f00                nrf_drv_uart_init
 .text.UARTE0_UART0_IRQHandler
                0x0000000000000fdc       0x24 Output/wristwatch-data_buffering-features Debug/Obj/nrfx_prs.o
                0x0000000000000fdc                UARTE0_UART0_IRQHandler
 .text.prs_box_get
                0x0000000000001000       0x20 Output/wristwatch-data_buffering-features Debug/Obj/nrfx_prs.o
 .text.nrfx_prs_acquire
                0x0000000000001020       0x74 Output/wristwatch-data_buffering-features Debug/Obj/nrfx_prs.o
                0x0000000000001020                nrfx_prs_acquire
 .text.__NVIC_EnableIRQ
                0x0000000000001094       0x34 Output/wristwatch-data_buffering-features Debug/Obj/nrfx_uart.o
 .text.__NVIC_SetPriority
                0x00000000000010c8       0x50 Output/wristwatch-data_buffering-features Debug/Obj/nrfx_uart.o
 .text.nrfx_get_irq_number
                0x0000000000001118       0x10 Output/wristwatch-data_buffering-features Debug/Obj/nrfx_uart.o
 .text._NRFX_IRQ_PRIORITY_SET
                0x0000000000001128       0x40 Output/wristwatch-data_buffering-features Debug/Obj/nrfx_uart.o
 .text._NRFX_IRQ_ENABLE
                0x0000000000001168       0x1c Output/wristwatch-data_buffering-features Debug/Obj/nrfx_uart.o
 .text.nrf_uart_event_clear
                0x0000000000001184       0x2a Output/wristwatch-data_buffering-features Debug/Obj/nrfx_uart.o
 .text.nrf_uart_event_check
                0x00000000000011ae       0x24 Output/wristwatch-data_buffering-features Debug/Obj/nrfx_uart.o
 .text.nrf_uart_int_enable
                0x00000000000011d2       0x14 Output/wristwatch-data_buffering-features Debug/Obj/nrfx_uart.o
 .text.nrf_uart_int_enable_check
                0x00000000000011e6       0x20 Output/wristwatch-data_buffering-features Debug/Obj/nrfx_uart.o
 .text.nrf_uart_int_disable
                0x0000000000001206       0x14 Output/wristwatch-data_buffering-features Debug/Obj/nrfx_uart.o
 .text.nrf_uart_errorsrc_get_and_clear
                0x000000000000121a       0x1c Output/wristwatch-data_buffering-features Debug/Obj/nrfx_uart.o
 .text.nrf_uart_enable
                0x0000000000001236       0x12 Output/wristwatch-data_buffering-features Debug/Obj/nrfx_uart.o
 .text.nrf_uart_txrx_pins_set
                0x0000000000001248       0x1e Output/wristwatch-data_buffering-features Debug/Obj/nrfx_uart.o
 .text.nrf_uart_hwfc_pins_set
                0x0000000000001266       0x1e Output/wristwatch-data_buffering-features Debug/Obj/nrfx_uart.o
 .text.nrf_uart_rxd_get
                0x0000000000001284       0x12 Output/wristwatch-data_buffering-features Debug/Obj/nrfx_uart.o
 .text.nrf_uart_txd_set
                0x0000000000001296       0x1a Output/wristwatch-data_buffering-features Debug/Obj/nrfx_uart.o
 .text.nrf_uart_task_trigger
                0x00000000000012b0       0x1c Output/wristwatch-data_buffering-features Debug/Obj/nrfx_uart.o
 .text.nrf_uart_configure
                0x00000000000012cc       0x2a Output/wristwatch-data_buffering-features Debug/Obj/nrfx_uart.o
 .text.nrf_uart_baudrate_set
                0x00000000000012f6       0x14 Output/wristwatch-data_buffering-features Debug/Obj/nrfx_uart.o
 *fill*         0x000000000000130a        0x2 
 .text.nrf_gpio_pin_port_decode
                0x000000000000130c       0x4c Output/wristwatch-data_buffering-features Debug/Obj/nrfx_uart.o
 .text.nrf_gpio_cfg
                0x0000000000001358       0x62 Output/wristwatch-data_buffering-features Debug/Obj/nrfx_uart.o
 .text.nrf_gpio_cfg_output
                0x00000000000013ba       0x22 Output/wristwatch-data_buffering-features Debug/Obj/nrfx_uart.o
 .text.nrf_gpio_cfg_input
                0x00000000000013dc       0x2a Output/wristwatch-data_buffering-features Debug/Obj/nrfx_uart.o
 .text.nrf_gpio_pin_set
                0x0000000000001406       0x28 Output/wristwatch-data_buffering-features Debug/Obj/nrfx_uart.o
 .text.nrf_gpio_port_out_set
                0x000000000000142e       0x14 Output/wristwatch-data_buffering-features Debug/Obj/nrfx_uart.o
 .text.nrf_gpio_pin_present_check
                0x0000000000001442       0x50 Output/wristwatch-data_buffering-features Debug/Obj/nrfx_uart.o
 .text.apply_config
                0x0000000000001492       0xc6 Output/wristwatch-data_buffering-features Debug/Obj/nrfx_uart.o
 .text.interrupts_enable
                0x0000000000001558       0x6c Output/wristwatch-data_buffering-features Debug/Obj/nrfx_uart.o
 .text.nrfx_uart_init
                0x00000000000015c4       0xd4 Output/wristwatch-data_buffering-features Debug/Obj/nrfx_uart.o
                0x00000000000015c4                nrfx_uart_init
 .text.tx_byte  0x0000000000001698       0x40 Output/wristwatch-data_buffering-features Debug/Obj/nrfx_uart.o
 .text.tx_blocking
                0x00000000000016d8       0x52 Output/wristwatch-data_buffering-features Debug/Obj/nrfx_uart.o
 *fill*         0x000000000000172a        0x2 
 .text.nrfx_uart_tx
                0x000000000000172c      0x110 Output/wristwatch-data_buffering-features Debug/Obj/nrfx_uart.o
                0x000000000000172c                nrfx_uart_tx
 .text.nrfx_uart_tx_in_progress
                0x000000000000183c       0x2c Output/wristwatch-data_buffering-features Debug/Obj/nrfx_uart.o
                0x000000000000183c                nrfx_uart_tx_in_progress
 .text.rx_enable
                0x0000000000001868       0x36 Output/wristwatch-data_buffering-features Debug/Obj/nrfx_uart.o
 .text.rx_byte  0x000000000000189e       0x4e Output/wristwatch-data_buffering-features Debug/Obj/nrfx_uart.o
 .text.nrfx_uart_rx
                0x00000000000018ec      0x21c Output/wristwatch-data_buffering-features Debug/Obj/nrfx_uart.o
                0x00000000000018ec                nrfx_uart_rx
 .text.rx_done_event
                0x0000000000001b08       0x2e Output/wristwatch-data_buffering-features Debug/Obj/nrfx_uart.o
 .text.tx_done_event
                0x0000000000001b36       0x34 Output/wristwatch-data_buffering-features Debug/Obj/nrfx_uart.o
 .text.uart_irq_handler
                0x0000000000001b6a      0x1de Output/wristwatch-data_buffering-features Debug/Obj/nrfx_uart.o
 .text.nrfx_uart_0_irq_handler
                0x0000000000001d48       0x18 Output/wristwatch-data_buffering-features Debug/Obj/nrfx_uart.o
                0x0000000000001d48                nrfx_uart_0_irq_handler
 .text.__NVIC_EnableIRQ
                0x0000000000001d60       0x34 Output/wristwatch-data_buffering-features Debug/Obj/nrfx_uarte.o
 .text.__NVIC_SetPriority
                0x0000000000001d94       0x50 Output/wristwatch-data_buffering-features Debug/Obj/nrfx_uarte.o
 .text.nrfx_is_in_ram
                0x0000000000001de4       0x1c Output/wristwatch-data_buffering-features Debug/Obj/nrfx_uarte.o
 .text.nrfx_get_irq_number
                0x0000000000001e00       0x10 Output/wristwatch-data_buffering-features Debug/Obj/nrfx_uarte.o
 .text._NRFX_IRQ_PRIORITY_SET
                0x0000000000001e10       0x40 Output/wristwatch-data_buffering-features Debug/Obj/nrfx_uarte.o
 .text._NRFX_IRQ_ENABLE
                0x0000000000001e50       0x1c Output/wristwatch-data_buffering-features Debug/Obj/nrfx_uarte.o
 .text.nrf_uarte_event_clear
                0x0000000000001e6c       0x2a Output/wristwatch-data_buffering-features Debug/Obj/nrfx_uarte.o
 .text.nrf_uarte_event_check
                0x0000000000001e96       0x24 Output/wristwatch-data_buffering-features Debug/Obj/nrfx_uarte.o
 .text.nrf_uarte_shorts_enable
                0x0000000000001eba       0x1c Output/wristwatch-data_buffering-features Debug/Obj/nrfx_uarte.o
 .text.nrf_uarte_shorts_disable
                0x0000000000001ed6       0x1e Output/wristwatch-data_buffering-features Debug/Obj/nrfx_uarte.o
 .text.nrf_uarte_int_enable
                0x0000000000001ef4       0x14 Output/wristwatch-data_buffering-features Debug/Obj/nrfx_uarte.o
 .text.nrf_uarte_int_disable
                0x0000000000001f08       0x14 Output/wristwatch-data_buffering-features Debug/Obj/nrfx_uarte.o
 .text.nrf_uarte_errorsrc_get_and_clear
                0x0000000000001f1c       0x1c Output/wristwatch-data_buffering-features Debug/Obj/nrfx_uarte.o
 .text.nrf_uarte_enable
                0x0000000000001f38       0x12 Output/wristwatch-data_buffering-features Debug/Obj/nrfx_uarte.o
 .text.nrf_uarte_txrx_pins_set
                0x0000000000001f4a       0x1e Output/wristwatch-data_buffering-features Debug/Obj/nrfx_uarte.o
 .text.nrf_uarte_hwfc_pins_set
                0x0000000000001f68       0x1e Output/wristwatch-data_buffering-features Debug/Obj/nrfx_uarte.o
 .text.nrf_uarte_task_trigger
                0x0000000000001f86       0x1c Output/wristwatch-data_buffering-features Debug/Obj/nrfx_uarte.o
 .text.nrf_uarte_configure
                0x0000000000001fa2       0x2a Output/wristwatch-data_buffering-features Debug/Obj/nrfx_uarte.o
 .text.nrf_uarte_baudrate_set
                0x0000000000001fcc       0x14 Output/wristwatch-data_buffering-features Debug/Obj/nrfx_uarte.o
 .text.nrf_uarte_tx_buffer_set
                0x0000000000001fe0       0x1e Output/wristwatch-data_buffering-features Debug/Obj/nrfx_uarte.o
 .text.nrf_uarte_tx_amount_get
                0x0000000000001ffe       0x10 Output/wristwatch-data_buffering-features Debug/Obj/nrfx_uarte.o
 .text.nrf_uarte_rx_buffer_set
                0x000000000000200e       0x1e Output/wristwatch-data_buffering-features Debug/Obj/nrfx_uarte.o
 .text.nrf_uarte_rx_amount_get
                0x000000000000202c       0x10 Output/wristwatch-data_buffering-features Debug/Obj/nrfx_uarte.o
 .text.nrf_gpio_pin_port_decode
                0x000000000000203c       0x4c Output/wristwatch-data_buffering-features Debug/Obj/nrfx_uarte.o
 .text.nrf_gpio_cfg
                0x0000000000002088       0x62 Output/wristwatch-data_buffering-features Debug/Obj/nrfx_uarte.o
 .text.nrf_gpio_cfg_output
                0x00000000000020ea       0x22 Output/wristwatch-data_buffering-features Debug/Obj/nrfx_uarte.o
 .text.nrf_gpio_cfg_input
                0x000000000000210c       0x2a Output/wristwatch-data_buffering-features Debug/Obj/nrfx_uarte.o
 .text.nrf_gpio_pin_set
                0x0000000000002136       0x28 Output/wristwatch-data_buffering-features Debug/Obj/nrfx_uarte.o
 .text.nrf_gpio_port_out_set
                0x000000000000215e       0x14 Output/wristwatch-data_buffering-features Debug/Obj/nrfx_uarte.o
 .text.nrf_gpio_pin_present_check
                0x0000000000002172       0x50 Output/wristwatch-data_buffering-features Debug/Obj/nrfx_uarte.o
 .text.apply_config
                0x00000000000021c2       0xc6 Output/wristwatch-data_buffering-features Debug/Obj/nrfx_uarte.o
 .text.interrupts_enable
                0x0000000000002288       0x98 Output/wristwatch-data_buffering-features Debug/Obj/nrfx_uarte.o
 .text.nrfx_uarte_init
                0x0000000000002320       0xcc Output/wristwatch-data_buffering-features Debug/Obj/nrfx_uarte.o
                0x0000000000002320                nrfx_uarte_init
 .text.nrfx_uarte_tx
                0x00000000000023ec      0x180 Output/wristwatch-data_buffering-features Debug/Obj/nrfx_uarte.o
                0x00000000000023ec                nrfx_uarte_tx
 .text.nrfx_uarte_tx_in_progress
                0x000000000000256c       0x30 Output/wristwatch-data_buffering-features Debug/Obj/nrfx_uarte.o
                0x000000000000256c                nrfx_uarte_tx_in_progress
 .text.nrfx_uarte_rx
                0x000000000000259c      0x23c Output/wristwatch-data_buffering-features Debug/Obj/nrfx_uarte.o
                0x000000000000259c                nrfx_uarte_rx
 .text.rx_done_event
                0x00000000000027d8       0x2e Output/wristwatch-data_buffering-features Debug/Obj/nrfx_uarte.o
 .text.tx_done_event
                0x0000000000002806       0x34 Output/wristwatch-data_buffering-features Debug/Obj/nrfx_uarte.o
 .text.uarte_irq_handler
                0x000000000000283a      0x18c Output/wristwatch-data_buffering-features Debug/Obj/nrfx_uarte.o
 *fill*         0x00000000000029c6        0x2 
 .text.nrfx_uarte_0_irq_handler
                0x00000000000029c8       0x18 Output/wristwatch-data_buffering-features Debug/Obj/nrfx_uarte.o
                0x00000000000029c8                nrfx_uarte_0_irq_handler
 .text.__NVIC_EnableIRQ
                0x00000000000029e0       0x34 Output/wristwatch-data_buffering-features Debug/Obj/nrfx_gpiote.o
 .text.__NVIC_SetPriority
                0x0000000000002a14       0x50 Output/wristwatch-data_buffering-features Debug/Obj/nrfx_gpiote.o
 .text.nrfx_get_irq_number
                0x0000000000002a64       0x10 Output/wristwatch-data_buffering-features Debug/Obj/nrfx_gpiote.o
 .text._NRFX_IRQ_PRIORITY_SET
                0x0000000000002a74       0x40 Output/wristwatch-data_buffering-features Debug/Obj/nrfx_gpiote.o
 .text._NRFX_IRQ_ENABLE
                0x0000000000002ab4       0x1c Output/wristwatch-data_buffering-features Debug/Obj/nrfx_gpiote.o
 .text.nrf_gpiote_event_is_set
                0x0000000000002ad0       0x2a Output/wristwatch-data_buffering-features Debug/Obj/nrfx_gpiote.o
 .text.nrf_gpiote_event_clear
                0x0000000000002afa       0x36 Output/wristwatch-data_buffering-features Debug/Obj/nrfx_gpiote.o
 .text.nrf_gpiote_event_addr_get
                0x0000000000002b30       0x1a Output/wristwatch-data_buffering-features Debug/Obj/nrfx_gpiote.o
 *fill*         0x0000000000002b4a        0x2 
 .text.nrf_gpiote_int_enable
                0x0000000000002b4c       0x18 Output/wristwatch-data_buffering-features Debug/Obj/nrfx_gpiote.o
 .text.nrf_gpiote_int_is_enabled
                0x0000000000002b64       0x18 Output/wristwatch-data_buffering-features Debug/Obj/nrfx_gpiote.o
 .text.nrf_gpiote_event_enable
                0x0000000000002b7c       0x2c Output/wristwatch-data_buffering-features Debug/Obj/nrfx_gpiote.o
 .text.nrf_gpiote_event_configure
                0x0000000000002ba8       0x64 Output/wristwatch-data_buffering-features Debug/Obj/nrfx_gpiote.o
 .text.nrf_gpiote_event_pin_get
                0x0000000000002c0c       0x20 Output/wristwatch-data_buffering-features Debug/Obj/nrfx_gpiote.o
 .text.nrf_gpiote_event_polarity_get
                0x0000000000002c2c       0x24 Output/wristwatch-data_buffering-features Debug/Obj/nrfx_gpiote.o
 .text.nrf_gpio_pin_port_decode
                0x0000000000002c50       0x4c Output/wristwatch-data_buffering-features Debug/Obj/nrfx_gpiote.o
 .text.nrf_gpio_cfg
                0x0000000000002c9c       0x62 Output/wristwatch-data_buffering-features Debug/Obj/nrfx_gpiote.o
 .text.nrf_gpio_cfg_input
                0x0000000000002cfe       0x2a Output/wristwatch-data_buffering-features Debug/Obj/nrfx_gpiote.o
 .text.nrf_gpio_cfg_watcher
                0x0000000000002d28       0x38 Output/wristwatch-data_buffering-features Debug/Obj/nrfx_gpiote.o
 .text.nrf_gpio_cfg_sense_set
                0x0000000000002d60       0x5c Output/wristwatch-data_buffering-features Debug/Obj/nrfx_gpiote.o
 .text.nrf_gpio_pin_read
                0x0000000000002dbc       0x2a Output/wristwatch-data_buffering-features Debug/Obj/nrfx_gpiote.o
 .text.nrf_gpio_pin_sense_get
                0x0000000000002de6       0x2c Output/wristwatch-data_buffering-features Debug/Obj/nrfx_gpiote.o
 .text.nrf_gpio_port_in_read
                0x0000000000002e12       0x10 Output/wristwatch-data_buffering-features Debug/Obj/nrfx_gpiote.o
 *fill*         0x0000000000002e22        0x2 
 .text.nrf_gpio_latches_read_and_clear
                0x0000000000002e24       0x68 Output/wristwatch-data_buffering-features Debug/Obj/nrfx_gpiote.o
 .text.nrf_gpio_pin_latch_clear
                0x0000000000002e8c       0x28 Output/wristwatch-data_buffering-features Debug/Obj/nrfx_gpiote.o
 .text.nrf_gpio_pin_present_check
                0x0000000000002eb4       0x50 Output/wristwatch-data_buffering-features Debug/Obj/nrfx_gpiote.o
 .text.nrf_bitmask_bit_is_set
                0x0000000000002f04       0x30 Output/wristwatch-data_buffering-features Debug/Obj/nrfx_gpiote.o
 .text.nrf_bitmask_bit_set
                0x0000000000002f34       0x40 Output/wristwatch-data_buffering-features Debug/Obj/nrfx_gpiote.o
 .text.pin_in_use_by_te
                0x0000000000002f74       0x3c Output/wristwatch-data_buffering-features Debug/Obj/nrfx_gpiote.o
 .text.pin_in_use_by_port
                0x0000000000002fb0       0x24 Output/wristwatch-data_buffering-features Debug/Obj/nrfx_gpiote.o
 .text.pin_in_use_by_gpiote
                0x0000000000002fd4       0x24 Output/wristwatch-data_buffering-features Debug/Obj/nrfx_gpiote.o
 .text.pin_in_use_by_te_set
                0x0000000000002ff8       0x50 Output/wristwatch-data_buffering-features Debug/Obj/nrfx_gpiote.o
 .text.pin_in_use_clear
                0x0000000000003048       0x1c Output/wristwatch-data_buffering-features Debug/Obj/nrfx_gpiote.o
 .text.pin_configured_set
                0x0000000000003064       0x1c Output/wristwatch-data_buffering-features Debug/Obj/nrfx_gpiote.o
 .text.channel_port_get
                0x0000000000003080       0x1c Output/wristwatch-data_buffering-features Debug/Obj/nrfx_gpiote.o
 .text.channel_handler_get
                0x000000000000309c       0x18 Output/wristwatch-data_buffering-features Debug/Obj/nrfx_gpiote.o
 .text.port_handler_pin_get
                0x00000000000030b4       0x28 Output/wristwatch-data_buffering-features Debug/Obj/nrfx_gpiote.o
 .text.port_handler_polarity_get
                0x00000000000030dc       0x28 Output/wristwatch-data_buffering-features Debug/Obj/nrfx_gpiote.o
 .text.channel_port_alloc
                0x0000000000003104       0x7c Output/wristwatch-data_buffering-features Debug/Obj/nrfx_gpiote.o
 .text.channel_free
                0x0000000000003180       0x38 Output/wristwatch-data_buffering-features Debug/Obj/nrfx_gpiote.o
 .text.nrfx_gpiote_init
                0x00000000000031b8       0xc8 Output/wristwatch-data_buffering-features Debug/Obj/nrfx_gpiote.o
                0x00000000000031b8                nrfx_gpiote_init
 .text.nrfx_gpiote_in_init
                0x0000000000003280       0xf8 Output/wristwatch-data_buffering-features Debug/Obj/nrfx_gpiote.o
                0x0000000000003280                nrfx_gpiote_in_init
 .text.nrfx_gpiote_in_event_enable
                0x0000000000003378      0x108 Output/wristwatch-data_buffering-features Debug/Obj/nrfx_gpiote.o
                0x0000000000003378                nrfx_gpiote_in_event_enable
 .text.latch_pending_read_and_check
                0x0000000000003480       0x3e Output/wristwatch-data_buffering-features Debug/Obj/nrfx_gpiote.o
 *fill*         0x00000000000034be        0x2 
 .text.port_event_handle
                0x00000000000034c0       0xe4 Output/wristwatch-data_buffering-features Debug/Obj/nrfx_gpiote.o
 .text.GPIOTE_IRQHandler
                0x00000000000035a4      0x108 Output/wristwatch-data_buffering-features Debug/Obj/nrfx_gpiote.o
                0x00000000000035a4                GPIOTE_IRQHandler
 .text.__NVIC_EnableIRQ
                0x00000000000036ac       0x34 Output/wristwatch-data_buffering-features Debug/Obj/nrfx_twim.o
 .text.__NVIC_ClearPendingIRQ
                0x00000000000036e0       0x38 Output/wristwatch-data_buffering-features Debug/Obj/nrfx_twim.o
 .text.__NVIC_SetPriority
                0x0000000000003718       0x50 Output/wristwatch-data_buffering-features Debug/Obj/nrfx_twim.o
 .text.nrfx_is_in_ram
                0x0000000000003768       0x1c Output/wristwatch-data_buffering-features Debug/Obj/nrfx_twim.o
 .text.nrfx_get_irq_number
                0x0000000000003784       0x10 Output/wristwatch-data_buffering-features Debug/Obj/nrfx_twim.o
 .text._NRFX_IRQ_PRIORITY_SET
                0x0000000000003794       0x40 Output/wristwatch-data_buffering-features Debug/Obj/nrfx_twim.o
 .text._NRFX_IRQ_ENABLE
                0x00000000000037d4       0x1c Output/wristwatch-data_buffering-features Debug/Obj/nrfx_twim.o
 .text._NRFX_IRQ_PENDING_CLEAR
                0x00000000000037f0       0x1c Output/wristwatch-data_buffering-features Debug/Obj/nrfx_twim.o
 .text.nrf_twim_task_trigger
                0x000000000000380c       0x1c Output/wristwatch-data_buffering-features Debug/Obj/nrfx_twim.o
 .text.nrf_twim_event_clear
                0x0000000000003828       0x2a Output/wristwatch-data_buffering-features Debug/Obj/nrfx_twim.o
 .text.nrf_twim_event_check
                0x0000000000003852       0x24 Output/wristwatch-data_buffering-features Debug/Obj/nrfx_twim.o
 .text.nrf_twim_int_enable
                0x0000000000003876       0x14 Output/wristwatch-data_buffering-features Debug/Obj/nrfx_twim.o
 .text.nrf_twim_int_disable
                0x000000000000388a       0x14 Output/wristwatch-data_buffering-features Debug/Obj/nrfx_twim.o
 .text.nrf_twim_enable
                0x000000000000389e       0x12 Output/wristwatch-data_buffering-features Debug/Obj/nrfx_twim.o
 .text.nrf_twim_disable
                0x00000000000038b0       0x12 Output/wristwatch-data_buffering-features Debug/Obj/nrfx_twim.o
 .text.nrf_twim_pins_set
                0x00000000000038c2       0x1e Output/wristwatch-data_buffering-features Debug/Obj/nrfx_twim.o
 .text.nrf_twim_frequency_set
                0x00000000000038e0       0x14 Output/wristwatch-data_buffering-features Debug/Obj/nrfx_twim.o
 .text.nrf_twim_errorsrc_get_and_clear
                0x00000000000038f4       0x1c Output/wristwatch-data_buffering-features Debug/Obj/nrfx_twim.o
 .text.nrf_twim_address_set
                0x0000000000003910       0x1a Output/wristwatch-data_buffering-features Debug/Obj/nrfx_twim.o
 .text.nrf_twim_tx_buffer_set
                0x000000000000392a       0x1e Output/wristwatch-data_buffering-features Debug/Obj/nrfx_twim.o
 .text.nrf_twim_rx_buffer_set
                0x0000000000003948       0x1e Output/wristwatch-data_buffering-features Debug/Obj/nrfx_twim.o
 .text.nrf_twim_shorts_set
                0x0000000000003966       0x14 Output/wristwatch-data_buffering-features Debug/Obj/nrfx_twim.o
 .text.nrf_twim_txd_amount_get
                0x000000000000397a       0x10 Output/wristwatch-data_buffering-features Debug/Obj/nrfx_twim.o
 .text.nrf_twim_shorts_get
                0x000000000000398a       0x10 Output/wristwatch-data_buffering-features Debug/Obj/nrfx_twim.o
 .text.nrf_twim_rxd_amount_get
                0x000000000000399a       0x10 Output/wristwatch-data_buffering-features Debug/Obj/nrfx_twim.o
 .text.nrf_twim_tx_list_enable
                0x00000000000039aa       0x12 Output/wristwatch-data_buffering-features Debug/Obj/nrfx_twim.o
 .text.nrf_twim_tx_list_disable
                0x00000000000039bc       0x12 Output/wristwatch-data_buffering-features Debug/Obj/nrfx_twim.o
 .text.nrf_twim_rx_list_enable
                0x00000000000039ce       0x12 Output/wristwatch-data_buffering-features Debug/Obj/nrfx_twim.o
 .text.nrf_twim_rx_list_disable
                0x00000000000039e0       0x12 Output/wristwatch-data_buffering-features Debug/Obj/nrfx_twim.o
 *fill*         0x00000000000039f2        0x2 
 .text.nrf_gpio_pin_port_decode
                0x00000000000039f4       0x4c Output/wristwatch-data_buffering-features Debug/Obj/nrfx_twim.o
 .text.nrf_gpio_cfg
                0x0000000000003a40       0x62 Output/wristwatch-data_buffering-features Debug/Obj/nrfx_twim.o
 .text.nrf_gpio_pin_present_check
                0x0000000000003aa2       0x50 Output/wristwatch-data_buffering-features Debug/Obj/nrfx_twim.o
 .text.twi_process_error
                0x0000000000003af2       0x40 Output/wristwatch-data_buffering-features Debug/Obj/nrfx_twim.o
 *fill*         0x0000000000003b32        0x2 
 .text.xfer_completeness_check
                0x0000000000003b34       0xfc Output/wristwatch-data_buffering-features Debug/Obj/nrfx_twim.o
 .text.nrfx_twim_init
                0x0000000000003c30      0x148 Output/wristwatch-data_buffering-features Debug/Obj/nrfx_twim.o
                0x0000000000003c30                nrfx_twim_init
 .text.nrfx_twim_enable
                0x0000000000003d78       0x50 Output/wristwatch-data_buffering-features Debug/Obj/nrfx_twim.o
                0x0000000000003d78                nrfx_twim_enable
 .text.twim_list_enable_handle
                0x0000000000003dc8       0x40 Output/wristwatch-data_buffering-features Debug/Obj/nrfx_twim.o
 .text.twim_xfer
                0x0000000000003e08      0x440 Output/wristwatch-data_buffering-features Debug/Obj/nrfx_twim.o
 .text.nrfx_twim_xfer
                0x0000000000004248       0x9c Output/wristwatch-data_buffering-features Debug/Obj/nrfx_twim.o
                0x0000000000004248                nrfx_twim_xfer
 .text.nrfx_twim_tx
                0x00000000000042e4       0x50 Output/wristwatch-data_buffering-features Debug/Obj/nrfx_twim.o
                0x00000000000042e4                nrfx_twim_tx
 .text.nrfx_twim_rx
                0x0000000000004334       0x44 Output/wristwatch-data_buffering-features Debug/Obj/nrfx_twim.o
                0x0000000000004334                nrfx_twim_rx
 .text.twim_irq_handler
                0x0000000000004378      0x2a4 Output/wristwatch-data_buffering-features Debug/Obj/nrfx_twim.o
 .text.SPIM0_SPIS0_TWIM0_TWIS0_SPI0_TWI0_IRQHandler
                0x000000000000461c       0x18 Output/wristwatch-data_buffering-features Debug/Obj/nrfx_twim.o
                0x000000000000461c                SPIM0_SPIS0_TWIM0_TWIS0_SPI0_TWI0_IRQHandler
 .text.lsm6dsl_from_fs8g_to_mg
                0x0000000000004634       0x28 Output/wristwatch-data_buffering-features Debug/Obj/lsm6dsl_reg.o
                0x0000000000004634                lsm6dsl_from_fs8g_to_mg
 .text.lsm6dsl_read_reg
                0x000000000000465c       0x34 Output/wristwatch-data_buffering-features Debug/Obj/lsm6dsl_reg.o
                0x000000000000465c                lsm6dsl_read_reg
 .text.lsm6dsl_write_reg
                0x0000000000004690       0x34 Output/wristwatch-data_buffering-features Debug/Obj/lsm6dsl_reg.o
                0x0000000000004690                lsm6dsl_write_reg
 .text.lsm6dsl_xl_full_scale_set
                0x00000000000046c4       0x4e Output/wristwatch-data_buffering-features Debug/Obj/lsm6dsl_reg.o
                0x00000000000046c4                lsm6dsl_xl_full_scale_set
 .text.lsm6dsl_xl_data_rate_set
                0x0000000000004712       0x4e Output/wristwatch-data_buffering-features Debug/Obj/lsm6dsl_reg.o
                0x0000000000004712                lsm6dsl_xl_data_rate_set
 .text.lsm6dsl_gy_full_scale_set
                0x0000000000004760       0x4e Output/wristwatch-data_buffering-features Debug/Obj/lsm6dsl_reg.o
                0x0000000000004760                lsm6dsl_gy_full_scale_set
 .text.lsm6dsl_gy_data_rate_set
                0x00000000000047ae       0x4e Output/wristwatch-data_buffering-features Debug/Obj/lsm6dsl_reg.o
                0x00000000000047ae                lsm6dsl_gy_data_rate_set
 .text.lsm6dsl_block_data_update_set
                0x00000000000047fc       0x4e Output/wristwatch-data_buffering-features Debug/Obj/lsm6dsl_reg.o
                0x00000000000047fc                lsm6dsl_block_data_update_set
 .text.lsm6dsl_fifo_raw_data_get
                0x000000000000484a       0x2a Output/wristwatch-data_buffering-features Debug/Obj/lsm6dsl_reg.o
                0x000000000000484a                lsm6dsl_fifo_raw_data_get
 .text.lsm6dsl_device_id_get
                0x0000000000004874       0x1e Output/wristwatch-data_buffering-features Debug/Obj/lsm6dsl_reg.o
                0x0000000000004874                lsm6dsl_device_id_get
 .text.lsm6dsl_reset_set
                0x0000000000004892       0x4e Output/wristwatch-data_buffering-features Debug/Obj/lsm6dsl_reg.o
                0x0000000000004892                lsm6dsl_reset_set
 .text.lsm6dsl_reset_get
                0x00000000000048e0       0x30 Output/wristwatch-data_buffering-features Debug/Obj/lsm6dsl_reg.o
                0x00000000000048e0                lsm6dsl_reset_get
 .text.lsm6dsl_auto_increment_set
                0x0000000000004910       0x4e Output/wristwatch-data_buffering-features Debug/Obj/lsm6dsl_reg.o
                0x0000000000004910                lsm6dsl_auto_increment_set
 .text.lsm6dsl_pin_int2_route_set
                0x000000000000495e      0x296 Output/wristwatch-data_buffering-features Debug/Obj/lsm6dsl_reg.o
                0x000000000000495e                lsm6dsl_pin_int2_route_set
 .text.lsm6dsl_fifo_watermark_set
                0x0000000000004bf4       0x5e Output/wristwatch-data_buffering-features Debug/Obj/lsm6dsl_reg.o
                0x0000000000004bf4                lsm6dsl_fifo_watermark_set
 .text.lsm6dsl_fifo_write_trigger_set
                0x0000000000004c52       0x8e Output/wristwatch-data_buffering-features Debug/Obj/lsm6dsl_reg.o
                0x0000000000004c52                lsm6dsl_fifo_write_trigger_set
 .text.lsm6dsl_fifo_xl_batch_set
                0x0000000000004ce0       0x4e Output/wristwatch-data_buffering-features Debug/Obj/lsm6dsl_reg.o
                0x0000000000004ce0                lsm6dsl_fifo_xl_batch_set
 .text.lsm6dsl_fifo_gy_batch_set
                0x0000000000004d2e       0x4e Output/wristwatch-data_buffering-features Debug/Obj/lsm6dsl_reg.o
                0x0000000000004d2e                lsm6dsl_fifo_gy_batch_set
 .text.lsm6dsl_fifo_dataset_3_batch_set
                0x0000000000004d7c       0x4e Output/wristwatch-data_buffering-features Debug/Obj/lsm6dsl_reg.o
                0x0000000000004d7c                lsm6dsl_fifo_dataset_3_batch_set
 .text.lsm6dsl_fifo_dataset_4_batch_set
                0x0000000000004dca       0x4e Output/wristwatch-data_buffering-features Debug/Obj/lsm6dsl_reg.o
                0x0000000000004dca                lsm6dsl_fifo_dataset_4_batch_set
 .text.lsm6dsl_fifo_stop_on_wtm_set
                0x0000000000004e18       0x4e Output/wristwatch-data_buffering-features Debug/Obj/lsm6dsl_reg.o
                0x0000000000004e18                lsm6dsl_fifo_stop_on_wtm_set
 .text.lsm6dsl_fifo_mode_set
                0x0000000000004e66       0x4e Output/wristwatch-data_buffering-features Debug/Obj/lsm6dsl_reg.o
                0x0000000000004e66                lsm6dsl_fifo_mode_set
 .text.lsm6dsl_fifo_data_rate_set
                0x0000000000004eb4       0x4e Output/wristwatch-data_buffering-features Debug/Obj/lsm6dsl_reg.o
                0x0000000000004eb4                lsm6dsl_fifo_data_rate_set
 *fill*         0x0000000000004f02        0x2 
 .text.__NVIC_ClearPendingIRQ
                0x0000000000004f04       0x38 Output/wristwatch-data_buffering-features Debug/Obj/main.o
 .text.nrfx_coredep_delay_us
                0x0000000000004f3c       0x30 Output/wristwatch-data_buffering-features Debug/Obj/main.o
 .text.nrf_delay_ms
                0x0000000000004f6c       0x2a Output/wristwatch-data_buffering-features Debug/Obj/main.o
 *fill*         0x0000000000004f96        0x2 
 .text.platform_write
                0x0000000000004f98       0x98 Output/wristwatch-data_buffering-features Debug/Obj/main.o
 .text.platform_read
                0x0000000000005030       0x58 Output/wristwatch-data_buffering-features Debug/Obj/main.o
 .text.read_accelerometer
                0x0000000000005088      0x270 Output/wristwatch-data_buffering-features Debug/Obj/main.o
                0x0000000000005088                read_accelerometer
 .text.read_accelerometer_gyroscope
                0x00000000000052f8      0x3c4 Output/wristwatch-data_buffering-features Debug/Obj/main.o
                0x00000000000052f8                read_accelerometer_gyroscope
 .text.fifo_full
                0x00000000000056bc      0x220 Output/wristwatch-data_buffering-features Debug/Obj/main.o
                0x00000000000056bc                fifo_full
 .text.int2_handler
                0x00000000000058dc       0x1e Output/wristwatch-data_buffering-features Debug/Obj/main.o
                0x00000000000058dc                int2_handler
 *fill*         0x00000000000058fa        0x2 
 .text.main     0x00000000000058fc      0x2ac Output/wristwatch-data_buffering-features Debug/Obj/main.o
                0x00000000000058fc                main
 .text.__NVIC_SystemReset
                0x0000000000005ba8       0x28 Output/wristwatch-data_buffering-features Debug/Obj/system_nrf52840.o
 .text.nrf52_errata_36
                0x0000000000005bd0       0x78 Output/wristwatch-data_buffering-features Debug/Obj/system_nrf52840.o
 .text.nrf52_errata_66
                0x0000000000005c48       0x78 Output/wristwatch-data_buffering-features Debug/Obj/system_nrf52840.o
 .text.nrf52_errata_98
                0x0000000000005cc0       0x50 Output/wristwatch-data_buffering-features Debug/Obj/system_nrf52840.o
 .text.nrf52_errata_103
                0x0000000000005d10       0x50 Output/wristwatch-data_buffering-features Debug/Obj/system_nrf52840.o
 .text.nrf52_errata_115
                0x0000000000005d60       0x50 Output/wristwatch-data_buffering-features Debug/Obj/system_nrf52840.o
 .text.nrf52_errata_120
                0x0000000000005db0       0x50 Output/wristwatch-data_buffering-features Debug/Obj/system_nrf52840.o
 .text.nrf52_errata_136
                0x0000000000005e00       0x78 Output/wristwatch-data_buffering-features Debug/Obj/system_nrf52840.o
 .text.SystemCoreClockUpdate
                0x0000000000005e78       0x14 Output/wristwatch-data_buffering-features Debug/Obj/system_nrf52840.o
                0x0000000000005e78                SystemCoreClockUpdate
 .text.SystemInit
                0x0000000000005e8c      0x254 Output/wristwatch-data_buffering-features Debug/Obj/system_nrf52840.o
                0x0000000000005e8c                SystemInit
 .text.uart_error_handle
                0x00000000000060e0       0x40 Output/wristwatch-data_buffering-features Debug/Obj/BSP_UART.o
                0x00000000000060e0                uart_error_handle
 .text.uart_init
                0x0000000000006120       0x70 Output/wristwatch-data_buffering-features Debug/Obj/BSP_UART.o
                0x0000000000006120                uart_init
 .text.start_threshold
                0x0000000000006190       0xec Output/wristwatch-data_buffering-features Debug/Obj/threshold_logic.o
                0x0000000000006190                start_threshold
 .text.proceed_threshold
                0x000000000000627c      0x114 Output/wristwatch-data_buffering-features Debug/Obj/threshold_logic.o
                0x000000000000627c                proceed_threshold
 .text.threshold_with_predict
                0x0000000000006390       0x6c Output/wristwatch-data_buffering-features Debug/Obj/threshold_logic.o
                0x0000000000006390                threshold_with_predict
 .text.filter_data
                0x00000000000063fc       0x54 Output/wristwatch-data_buffering-features Debug/Obj/filter_logic.o
                0x00000000000063fc                filter_data
 .text.__aeabi_f2d
                0x0000000000006450       0x34 D:/Program files/SeggerIDE/lib/libm_v7em_fpv4_sp_d16_hard_t_le_eabi.a(libm_asm.o)
                0x0000000000006450                __aeabi_f2d
 .text.__aeabi_d2f
                0x0000000000006484       0x54 D:/Program files/SeggerIDE/lib/libm_v7em_fpv4_sp_d16_hard_t_le_eabi.a(libm_asm.o)
                0x0000000000006484                __aeabi_d2f
 .text.__float32_isinf
                0x00000000000064d8       0x14 D:/Program files/SeggerIDE/lib/libm_v7em_fpv4_sp_d16_hard_t_le_eabi.a(libm_asm.o)
                0x00000000000064d8                __float32_isinf
 .text.__float32_isnan
                0x00000000000064ec       0x14 D:/Program files/SeggerIDE/lib/libm_v7em_fpv4_sp_d16_hard_t_le_eabi.a(libm_asm.o)
                0x00000000000064ec                __float32_isnan
 .text.__float32_signbit
                0x0000000000006500        0xc D:/Program files/SeggerIDE/lib/libm_v7em_fpv4_sp_d16_hard_t_le_eabi.a(libm_asm.o)
                0x0000000000006500                __float32_signbit
 .text.fabsf    0x000000000000650c        0x8 D:/Program files/SeggerIDE/lib/libm_v7em_fpv4_sp_d16_hard_t_le_eabi.a(libm_asm.o)
                0x000000000000650c                fabsf
                0x000000000000650c                fabs(float)
 .text.floorf   0x0000000000006514       0x70 D:/Program files/SeggerIDE/lib/libm_v7em_fpv4_sp_d16_hard_t_le_eabi.a(libm_asm.o)
                0x0000000000006514                floorf
                0x0000000000006514                floor(float)
 .text.frexpf   0x0000000000006584       0x3c D:/Program files/SeggerIDE/lib/libm_v7em_fpv4_sp_d16_hard_t_le_eabi.a(libm_asm.o)
                0x0000000000006584                frexpf
                0x0000000000006584                frexp(float, int*)
 .text.ldexpf   0x00000000000065c0       0x48 D:/Program files/SeggerIDE/lib/libm_v7em_fpv4_sp_d16_hard_t_le_eabi.a(libm_asm.o)
                0x00000000000065c0                ldexp(float, int)
                0x00000000000065c0                ldexpf
 .text.libc.modff
                0x0000000000006608       0x58 D:/Program files/SeggerIDE/lib/libm_v7em_fpv4_sp_d16_hard_t_le_eabi.a(libm2.o)
                0x0000000000006608                modf(float, float*)
                0x0000000000006608                modff
 .text.libc.fmodf
                0x0000000000006660       0xfc D:/Program files/SeggerIDE/lib/libm_v7em_fpv4_sp_d16_hard_t_le_eabi.a(libm2.o)
                0x0000000000006660                fmod(float, float)
                0x0000000000006660                fmodf
 .text.libc.__RAL_pow10f
                0x000000000000675c       0x44 D:/Program files/SeggerIDE/lib/libc_v7em_fpv4_sp_d16_hard_t_le_eabi.a(libc2.o)
                0x000000000000675c                __RAL_pow10f
 .text.libc.__putc
                0x00000000000067a0       0x34 D:/Program files/SeggerIDE/lib/libc_v7em_fpv4_sp_d16_hard_t_le_eabi.a(libc2.o)
                0x00000000000067a0                __putc
 .text.libc.__RAL_print_padding
                0x00000000000067d4       0x1c D:/Program files/SeggerIDE/lib/libc_v7em_fpv4_sp_d16_hard_t_le_eabi.a(libc2.o)
                0x00000000000067d4                __RAL_print_padding
 .text.libc.__RAL_pre_padding
                0x00000000000067f0       0x1a D:/Program files/SeggerIDE/lib/libc_v7em_fpv4_sp_d16_hard_t_le_eabi.a(libc2.o)
                0x00000000000067f0                __RAL_pre_padding
 .text.libc.abs
                0x000000000000680a        0x8 D:/Program files/SeggerIDE/lib/libc_v7em_fpv4_sp_d16_hard_t_le_eabi.a(libc2.o)
                0x000000000000680a                abs
 *fill*         0x0000000000006812        0x2 
 .text.libc.__aeabi_errno_addr
                0x0000000000006814       0x14 D:/Program files/SeggerIDE/lib/libc_v7em_fpv4_sp_d16_hard_t_le_eabi.a(libc2.o)
                0x0000000000006814                __aeabi_errno_addr
 .text.libc.printf
                0x0000000000006828       0x40 D:/Program files/SeggerIDE/lib/libc_v7em_fpv4_sp_d16_hard_t_le_eabi.a(libc2.o)
                0x0000000000006828                printf
 .text.libc.strnlen
                0x0000000000006868       0x22 D:/Program files/SeggerIDE/lib/libc_v7em_fpv4_sp_d16_hard_t_le_eabi.a(libc2.o)
                0x0000000000006868                strnlen
 .text.libc.memcpy
                0x000000000000688a       0x52 D:/Program files/SeggerIDE/lib/libc_v7em_fpv4_sp_d16_hard_t_le_eabi.a(libc2_asm.o)
                0x000000000000688a                __aeabi_memcpy
                0x000000000000688a                memcpy
                0x0000000000006896                __aeabi_memcpy8
                0x0000000000006896                __aeabi_memcpy4
 .text.libc.memset
                0x00000000000068dc       0x66 D:/Program files/SeggerIDE/lib/libc_v7em_fpv4_sp_d16_hard_t_le_eabi.a(libc2_asm.o)
                0x00000000000068dc                memset
 .text.libc.strlen
                0x0000000000006942       0x60 D:/Program files/SeggerIDE/lib/libc_v7em_fpv4_sp_d16_hard_t_le_eabi.a(libc2_asm.o)
                0x0000000000006942                strlen
 .text.libc.__printf_lock
                0x00000000000069a2        0x2 D:/Program files/SeggerIDE/lib/libc_v7em_fpv4_sp_d16_hard_t_le_eabi.a(libc.o)
                0x00000000000069a2                __printf_lock
 .text.libc.__printf_unlock
                0x00000000000069a4        0x2 D:/Program files/SeggerIDE/lib/libc_v7em_fpv4_sp_d16_hard_t_le_eabi.a(libc.o)
                0x00000000000069a4                __printf_unlock
 *fill*         0x00000000000069a6        0x2 
 .text.libc.__vfprintf_short_float_long
                0x00000000000069a8      0xdcc D:/Program files/SeggerIDE/lib/libvfprintf_v7em_fpv4_sp_d16_hard_t_le_eabi.o
                0x00000000000069a8                __vfprintf_short_float_long
 .text.arm_conv_f32
                0x0000000000007774      0x534 ../../../../../../components/toolchain/cmsis/dsp/GCC/libarm_cortexM4lf_math.a(arm_conv_f32.o)
                0x0000000000007774                arm_conv_f32
                0x0000000000007ca8                __text_end__ = (__text_start__ + SIZEOF (.text))
                0x00000000000078d8                __text_size__ = SIZEOF (.text)
                0x0000000000007ca8                __text_load_end__ = __text_end__

.vfp11_veneer   0x0000000100000000        0x0
 .vfp11_veneer  0x0000000100000000        0x0 linker stubs

.v4_bx          0x0000000100000000        0x0
 .v4_bx         0x0000000100000000        0x0 linker stubs

.iplt           0x0000000100000000        0x0
 .iplt          0x0000000100000000        0x0 Output/wristwatch-data_buffering-features Debug/Obj/thumb_crt0.o
                0x0000000000000001                . = ASSERT (((__text_start__ == __text_end__) || ((__text_end__ - __FLASH_segment_start__) <= __FLASH_segment_size__)), error: .text is too large to fit in FLASH memory segment)
                0x0000000000007ca8                __log_const_data_load_start__ = ALIGN (__text_end__, 0x4)

.log_const_data
                0x0000000000007ca8        0x0
                0x0000000000007ca8                __log_const_data_start__ = .
                0x0000000000007ca8                __start_log_const_data = __log_const_data_start__
 *(SORT_BY_NAME(.log_const_data*))
                0x0000000000007ca8                __log_const_data_end__ = (__log_const_data_start__ + SIZEOF (.log_const_data))
                0x0000000000000000                __log_const_data_size__ = SIZEOF (.log_const_data)
                0x0000000000007ca8                __stop_log_const_data = __log_const_data_end__
                0x0000000000007ca8                __log_const_data_load_end__ = __log_const_data_end__
                0x0000000000000001                . = ASSERT (((__log_const_data_start__ == __log_const_data_end__) || ((__log_const_data_end__ - __FLASH_segment_start__) <= __FLASH_segment_size__)), error: .log_const_data is too large to fit in FLASH memory segment)
                0x0000000000007ca8                __log_backends_load_start__ = ALIGN (__log_const_data_end__, 0x4)

.log_backends   0x0000000000007ca8        0x0
                0x0000000000007ca8                __log_backends_start__ = .
                0x0000000000007ca8                __start_log_backends = __log_backends_start__
 *(SORT_BY_NAME(.log_backends*))
                0x0000000000007ca8                __log_backends_end__ = (__log_backends_start__ + SIZEOF (.log_backends))
                0x0000000000000000                __log_backends_size__ = SIZEOF (.log_backends)
                0x0000000000007ca8                __stop_log_backends = __log_backends_end__
                0x0000000000007ca8                __log_backends_load_end__ = __log_backends_end__
                0x0000000000000001                . = ASSERT (((__log_backends_start__ == __log_backends_end__) || ((__log_backends_end__ - __FLASH_segment_start__) <= __FLASH_segment_size__)), error: .log_backends is too large to fit in FLASH memory segment)
                0x0000000000007ca8                __nrf_balloc_load_start__ = ALIGN (__log_backends_end__, 0x4)

.nrf_balloc     0x0000000000007ca8        0x0
                0x0000000000007ca8                __nrf_balloc_start__ = .
                0x0000000000007ca8                __start_nrf_balloc = __nrf_balloc_start__
 *(.nrf_balloc*)
                0x0000000000007ca8                __nrf_balloc_end__ = (__nrf_balloc_start__ + SIZEOF (.nrf_balloc))
                0x0000000000000000                __nrf_balloc_size__ = SIZEOF (.nrf_balloc)
                0x0000000000007ca8                __stop_nrf_balloc = __nrf_balloc_end__
                0x0000000000007ca8                __nrf_balloc_load_end__ = __nrf_balloc_end__
                0x0000000000000001                . = ASSERT (((__nrf_balloc_start__ == __nrf_balloc_end__) || ((__nrf_balloc_end__ - __FLASH_segment_start__) <= __FLASH_segment_size__)), error: .nrf_balloc is too large to fit in FLASH memory segment)
                0x0000000000007ca8                __nrf_sections_load_start__ = ALIGN (__nrf_balloc_end__, 0x4)

.nrf_sections   0x0000000000007ca8        0x0
                0x0000000000007ca8                __nrf_sections_start__ = .
                0x0000000000007ca8                __start_nrf_sections = __nrf_sections_start__
 *(.nrf_sections .nrf_sections.*)
                0x0000000000007ca8                __nrf_sections_end__ = (__nrf_sections_start__ + SIZEOF (.nrf_sections))
                0x0000000000000000                __nrf_sections_size__ = SIZEOF (.nrf_sections)
                0x0000000000007ca8                __nrf_sections_load_end__ = __nrf_sections_end__
                0x0000000000000001                . = ASSERT (((__nrf_sections_start__ == __nrf_sections_end__) || ((__nrf_sections_end__ - __FLASH_segment_start__) <= __FLASH_segment_size__)), error: .nrf_sections is too large to fit in FLASH memory segment)
                0x0000000000007ca8                __log_dynamic_data_load_start__ = ALIGN (__nrf_sections_end__, 0x4)

.log_dynamic_data
                0x0000000020000000        0x0 load address 0x0000000000007ca8
                0x0000000020000000                __log_dynamic_data_start__ = .
 *(SORT_BY_NAME(.log_dynamic_data*))
                0x0000000020000000                __log_dynamic_data_end__ = (__log_dynamic_data_start__ + SIZEOF (.log_dynamic_data))
                0x0000000000000000                __log_dynamic_data_size__ = SIZEOF (.log_dynamic_data)
                0x0000000000007ca8                __log_dynamic_data_load_end__ = (__log_dynamic_data_load_start__ + SIZEOF (.log_dynamic_data))
                0x0000000000000001                . = ASSERT (((__log_dynamic_data_load_start__ == __log_dynamic_data_load_end__) || ((__log_dynamic_data_load_end__ - __FLASH_segment_start__) <= __FLASH_segment_size__)), error: .log_dynamic_data is too large to fit in FLASH memory segment)

.log_dynamic_data_run
                0x0000000020000000        0x0
                0x0000000020000000                __log_dynamic_data_run_start__ = .
                0x0000000020000000                __start_log_dynamic_data = __log_dynamic_data_run_start__
                0x0000000020000000                . = MAX ((__log_dynamic_data_run_start__ + SIZEOF (.log_dynamic_data)), .)
                0x0000000020000000                __log_dynamic_data_run_end__ = (__log_dynamic_data_run_start__ + SIZEOF (.log_dynamic_data_run))
                0x0000000000000000                __log_dynamic_data_run_size__ = SIZEOF (.log_dynamic_data_run)
                0x0000000020000000                __stop_log_dynamic_data = __log_dynamic_data_run_end__
                0x0000000020000000                __log_dynamic_data_run_load_end__ = __log_dynamic_data_run_end__
                0x0000000000000001                . = ASSERT (((__log_dynamic_data_run_start__ == __log_dynamic_data_run_end__) || ((__log_dynamic_data_run_end__ - __RAM_segment_start__) <= __RAM_segment_size__)), error: .log_dynamic_data_run is too large to fit in RAM memory segment)
                0x0000000000007ca8                __log_filter_data_load_start__ = ALIGN ((__log_dynamic_data_load_start__ + SIZEOF (.log_dynamic_data)), 0x4)

.log_filter_data
                0x0000000020000000        0x0 load address 0x0000000000007ca8
                0x0000000020000000                __log_filter_data_start__ = .
 *(SORT_BY_NAME(.log_filter_data*))
                0x0000000020000000                __log_filter_data_end__ = (__log_filter_data_start__ + SIZEOF (.log_filter_data))
                0x0000000000000000                __log_filter_data_size__ = SIZEOF (.log_filter_data)
                0x0000000000007ca8                __log_filter_data_load_end__ = (__log_filter_data_load_start__ + SIZEOF (.log_filter_data))
                0x0000000000000001                . = ASSERT (((__log_filter_data_load_start__ == __log_filter_data_load_end__) || ((__log_filter_data_load_end__ - __FLASH_segment_start__) <= __FLASH_segment_size__)), error: .log_filter_data is too large to fit in FLASH memory segment)

.log_filter_data_run
                0x0000000020000000        0x0
                0x0000000020000000                __log_filter_data_run_start__ = .
                0x0000000020000000                __start_log_filter_data = __log_filter_data_run_start__
                0x0000000020000000                . = MAX ((__log_filter_data_run_start__ + SIZEOF (.log_filter_data)), .)
                0x0000000020000000                __log_filter_data_run_end__ = (__log_filter_data_run_start__ + SIZEOF (.log_filter_data_run))
                0x0000000000000000                __log_filter_data_run_size__ = SIZEOF (.log_filter_data_run)
                0x0000000020000000                __stop_log_filter_data = __log_filter_data_run_end__
                0x0000000020000000                __log_filter_data_run_load_end__ = __log_filter_data_run_end__
                0x0000000000000001                . = ASSERT (((__log_filter_data_run_start__ == __log_filter_data_run_end__) || ((__log_filter_data_run_end__ - __RAM_segment_start__) <= __RAM_segment_size__)), error: .log_filter_data_run is too large to fit in RAM memory segment)
                0x0000000020000000                __nrf_sections_run_end_load_start__ = ALIGN (__log_filter_data_run_end__, 0x4)

.nrf_sections_run_end
                0x0000000020000000        0x0
                0x0000000020000000                __nrf_sections_run_end_start__ = .
                0x0000000020000000                __end_nrf_sections_run = __nrf_sections_run_end_start__
 *(.nrf_sections_run_end .nrf_sections_run_end.*)
                0x0000000020000000                __nrf_sections_run_end_end__ = (__nrf_sections_run_end_start__ + SIZEOF (.nrf_sections_run_end))
                0x0000000000000000                __nrf_sections_run_end_size__ = SIZEOF (.nrf_sections_run_end)
                0x0000000020000000                __nrf_sections_run_end_load_end__ = __nrf_sections_run_end_end__
                0x0000000000000001                . = ASSERT (((__nrf_sections_run_end_start__ == __nrf_sections_run_end_end__) || ((__nrf_sections_run_end_end__ - __RAM_segment_start__) <= __RAM_segment_size__)), error: .nrf_sections_run_end is too large to fit in RAM memory segment)
                0x0000000000007ca8                __dtors_load_start__ = ALIGN ((__log_filter_data_load_start__ + SIZEOF (.log_filter_data)), 0x4)

.dtors          0x0000000000007ca8        0x0
                0x0000000000007ca8                __dtors_start__ = .
 *(SORT_BY_NAME(.dtors.*))
 *(.dtors)
 *(.fini_array)
 *(SORT_BY_NAME(.fini_array.*))
                0x0000000000007ca8                __dtors_end__ = (__dtors_start__ + SIZEOF (.dtors))
                0x0000000000000000                __dtors_size__ = SIZEOF (.dtors)
                0x0000000000007ca8                __dtors_load_end__ = __dtors_end__
                0x0000000000000001                . = ASSERT (((__dtors_start__ == __dtors_end__) || ((__dtors_end__ - __FLASH_segment_start__) <= __FLASH_segment_size__)), error: .dtors is too large to fit in FLASH memory segment)
                0x0000000000007ca8                __ctors_load_start__ = ALIGN (__dtors_end__, 0x4)

.ctors          0x0000000000007ca8        0x0
                0x0000000000007ca8                __ctors_start__ = .
 *(SORT_BY_NAME(.ctors.*))
 *(.ctors)
 *(.init_array)
 *(SORT_BY_NAME(.init_array.*))
                0x0000000000007ca8                __ctors_end__ = (__ctors_start__ + SIZEOF (.ctors))
                0x0000000000000000                __ctors_size__ = SIZEOF (.ctors)
                0x0000000000007ca8                __ctors_load_end__ = __ctors_end__
                0x0000000000000001                . = ASSERT (((__ctors_start__ == __ctors_end__) || ((__ctors_end__ - __FLASH_segment_start__) <= __FLASH_segment_size__)), error: .ctors is too large to fit in FLASH memory segment)
                0x0000000000007ca8                __rodata_load_start__ = ALIGN (__ctors_end__, 0x4)

.rodata         0x0000000000007ca8     0x1230
                0x0000000000007ca8                __rodata_start__ = .
 *(.rodata .rodata.* .gnu.linkonce.r.*)
 .rodata        0x0000000000007ca8       0x96 Output/wristwatch-data_buffering-features Debug/Obj/boards.o
 *fill*         0x0000000000007d3e        0x2 
 .rodata.m_board_led_list
                0x0000000000007d40        0x4 Output/wristwatch-data_buffering-features Debug/Obj/boards.o
 .rodata.m_board_btn_list
                0x0000000000007d44        0x4 Output/wristwatch-data_buffering-features Debug/Obj/boards.o
 .rodata        0x0000000000007d48       0x79 Output/wristwatch-data_buffering-features Debug/Obj/app_uart_fifo.o
 *fill*         0x0000000000007dc1        0x3 
 .rodata        0x0000000000007dc4       0x5d Output/wristwatch-data_buffering-features Debug/Obj/app_util_platform.o
 *fill*         0x0000000000007e21        0x3 
 .rodata        0x0000000000007e24       0x56 Output/wristwatch-data_buffering-features Debug/Obj/nrf_drv_uart.o
 *fill*         0x0000000000007e7a        0x2 
 .rodata        0x0000000000007e7c       0x57 Output/wristwatch-data_buffering-features Debug/Obj/nrfx_prs.o
 *fill*         0x0000000000007ed3        0x1 
 .rodata        0x0000000000007ed4       0xb4 Output/wristwatch-data_buffering-features Debug/Obj/nrfx_uart.o
 .rodata.irq_handlers.8920
                0x0000000000007f88        0x4 Output/wristwatch-data_buffering-features Debug/Obj/nrfx_uart.o
 .rodata        0x0000000000007f8c       0xb5 Output/wristwatch-data_buffering-features Debug/Obj/nrfx_uarte.o
 *fill*         0x0000000000008041        0x3 
 .rodata.irq_handlers.8962
                0x0000000000008044        0x4 Output/wristwatch-data_buffering-features Debug/Obj/nrfx_uarte.o
 .rodata        0x0000000000008048       0xbe Output/wristwatch-data_buffering-features Debug/Obj/nrfx_gpiote.o
 *fill*         0x0000000000008106        0x2 
 .rodata        0x0000000000008108       0xb4 Output/wristwatch-data_buffering-features Debug/Obj/nrfx_twim.o
 .rodata.irq_handlers.8935
                0x00000000000081bc        0x4 Output/wristwatch-data_buffering-features Debug/Obj/nrfx_twim.o
 .rodata.twim   0x00000000000081c0        0x8 Output/wristwatch-data_buffering-features Debug/Obj/main.o
 .rodata        0x00000000000081c8       0x8f Output/wristwatch-data_buffering-features Debug/Obj/main.o
 *fill*         0x0000000000008257        0x9 
 .rodata.delay_machine_code.8376
                0x0000000000008260        0x6 Output/wristwatch-data_buffering-features Debug/Obj/main.o
 *fill*         0x0000000000008266        0x2 
 .rodata        0x0000000000008268       0xbc Output/wristwatch-data_buffering-features Debug/Obj/BSP_UART.o
 .rodata.filter_bandpass
                0x0000000000008324      0x554 Output/wristwatch-data_buffering-features Debug/Obj/filter_logic.o
                0x0000000000008324                filter_bandpass
 .rodata.filter_lowpass
                0x0000000000008878      0x554 Output/wristwatch-data_buffering-features Debug/Obj/filter_logic.o
                0x0000000000008878                filter_lowpass
 .rodata.libc.__RAL_hex_lc
                0x0000000000008dcc       0x10 D:/Program files/SeggerIDE/lib/libc_v7em_fpv4_sp_d16_hard_t_le_eabi.a(libc2.o)
                0x0000000000008dcc                __RAL_hex_lc
 .rodata.libc.__RAL_hex_uc
                0x0000000000008ddc       0x10 D:/Program files/SeggerIDE/lib/libc_v7em_fpv4_sp_d16_hard_t_le_eabi.a(libc2.o)
                0x0000000000008ddc                __RAL_hex_uc
 .rodata.libc.__aeabi_EDOM
                0x0000000000008dec        0x4 D:/Program files/SeggerIDE/lib/libc_v7em_fpv4_sp_d16_hard_t_le_eabi.a(libc2.o)
                0x0000000000008dec                __aeabi_EDOM
 .rodata.libc.powerf
                0x0000000000008df0       0x18 D:/Program files/SeggerIDE/lib/libc_v7em_fpv4_sp_d16_hard_t_le_eabi.a(libc2.o)
 .rodata.libc.__vfprintf_int.str1.4
                0x0000000000008e08        0x7 D:/Program files/SeggerIDE/lib/libvfprintf_v7em_fpv4_sp_d16_hard_t_le_eabi.o
 *fill*         0x0000000000008e0f        0x1 
 .rodata.libc.__vfprintf_float_long.str1.4
                0x0000000000008e10       0x28 D:/Program files/SeggerIDE/lib/libvfprintf_v7em_fpv4_sp_d16_hard_t_le_eabi.o
 .rodata.libc.ipow10
                0x0000000000008e38       0xa0 D:/Program files/SeggerIDE/lib/libvfprintf_v7em_fpv4_sp_d16_hard_t_le_eabi.o
                0x0000000000008ed8                __rodata_end__ = (__rodata_start__ + SIZEOF (.rodata))
                0x0000000000001230                __rodata_size__ = SIZEOF (.rodata)
                0x0000000000008ed8                __rodata_load_end__ = __rodata_end__

.rel.dyn        0x0000000000008ed8        0x0
 .rel.iplt      0x0000000000008ed8        0x0 Output/wristwatch-data_buffering-features Debug/Obj/thumb_crt0.o
                0x0000000000000001                . = ASSERT (((__rodata_start__ == __rodata_end__) || ((__rodata_end__ - __FLASH_segment_start__) <= __FLASH_segment_size__)), error: .rodata is too large to fit in FLASH memory segment)
                0x0000000000008ed8                __ARM.exidx_load_start__ = ALIGN (__rodata_end__, 0x4)

.ARM.exidx      0x0000000000008ed8        0x0
                0x0000000000008ed8                __ARM.exidx_start__ = .
                0x0000000000008ed8                __exidx_start = __ARM.exidx_start__
 *(.ARM.exidx .ARM.exidx.*)
                0x0000000000008ed8                __ARM.exidx_end__ = (__ARM.exidx_start__ + SIZEOF (.ARM.exidx))
                0x0000000000000000                __ARM.exidx_size__ = SIZEOF (.ARM.exidx)
                0x0000000000008ed8                __exidx_end = __ARM.exidx_end__
                0x0000000000008ed8                __ARM.exidx_load_end__ = __ARM.exidx_end__
                0x0000000000000001                . = ASSERT (((__ARM.exidx_start__ == __ARM.exidx_end__) || ((__ARM.exidx_end__ - __FLASH_segment_start__) <= __FLASH_segment_size__)), error: .ARM.exidx is too large to fit in FLASH memory segment)
                0x0000000000008ed8                __fast_load_start__ = ALIGN (__ARM.exidx_end__, 0x4)

.fast           0x0000000020000000        0x0 load address 0x0000000000008ed8
                0x0000000020000000                __fast_start__ = .
 *(.fast .fast.*)
                0x0000000020000000                __fast_end__ = (__fast_start__ + SIZEOF (.fast))
                0x0000000000000000                __fast_size__ = SIZEOF (.fast)
                0x0000000000008ed8                __fast_load_end__ = (__fast_load_start__ + SIZEOF (.fast))
                0x0000000000000001                . = ASSERT (((__fast_load_start__ == __fast_load_end__) || ((__fast_load_end__ - __FLASH_segment_start__) <= __FLASH_segment_size__)), error: .fast is too large to fit in FLASH memory segment)

.fast_run       0x0000000020000000        0x0
                0x0000000020000000                __fast_run_start__ = .
                0x0000000020000000                . = MAX ((__fast_run_start__ + SIZEOF (.fast)), .)
                0x0000000020000000                __fast_run_end__ = (__fast_run_start__ + SIZEOF (.fast_run))
                0x0000000000000000                __fast_run_size__ = SIZEOF (.fast_run)
                0x0000000020000000                __fast_run_load_end__ = __fast_run_end__
                0x0000000000000001                . = ASSERT (((__fast_run_start__ == __fast_run_end__) || ((__fast_run_end__ - __RAM_segment_start__) <= __RAM_segment_size__)), error: .fast_run is too large to fit in RAM memory segment)
                0x0000000000008ed8                __data_load_start__ = ALIGN ((__fast_load_start__ + SIZEOF (.fast)), 0x4)

.data           0x0000000020000000       0x1c load address 0x0000000000008ed8
                0x0000000020000000                __data_start__ = .
 *(.data .data.* .gnu.linkonce.d.*)
 .data.app_uart_inst
                0x0000000020000000       0x14 Output/wristwatch-data_buffering-features Debug/Obj/app_uart_fifo.o
 .data.SystemCoreClock
                0x0000000020000014        0x4 Output/wristwatch-data_buffering-features Debug/Obj/system_nrf52840.o
                0x0000000020000014                SystemCoreClock
 .data.count.5045
                0x0000000020000018        0x4 Output/wristwatch-data_buffering-features Debug/Obj/threshold_logic.o
                0x000000002000001c                __data_end__ = (__data_start__ + SIZEOF (.data))
                0x000000000000001c                __data_size__ = SIZEOF (.data)
                0x0000000000008ef4                __data_load_end__ = (__data_load_start__ + SIZEOF (.data))

.igot.plt       0x0000000100000000        0x0
 .igot.plt      0x0000000100000000        0x0 Output/wristwatch-data_buffering-features Debug/Obj/thumb_crt0.o
                0x0000000000000001                . = ASSERT (((__data_load_start__ == __data_load_end__) || ((__data_load_end__ - __FLASH_segment_start__) <= __FLASH_segment_size__)), error: .data is too large to fit in FLASH memory segment)

.data_run       0x0000000020000000       0x1c load address 0x0000000000008ed8
                0x0000000020000000                __data_run_start__ = .
                0x000000002000001c                . = MAX ((__data_run_start__ + SIZEOF (.data)), .)
 *fill*         0x0000000020000000       0x1c 
                0x000000002000001c                __data_run_end__ = (__data_run_start__ + SIZEOF (.data_run))
                0x000000000000001c                __data_run_size__ = SIZEOF (.data_run)
                0x000000002000001c                __data_run_load_end__ = __data_run_end__
                0x0000000000000001                . = ASSERT (((__data_run_start__ == __data_run_end__) || ((__data_run_end__ - __RAM_segment_start__) <= __RAM_segment_size__)), error: .data_run is too large to fit in RAM memory segment)
                0x0000000000008ef4                __tdata_load_start__ = ALIGN ((__data_load_start__ + SIZEOF (.data)), 0x4)

.tdata          0x000000002000001c        0x0 load address 0x0000000000008ef4
                0x000000002000001c                __tdata_start__ = .
 *(.tdata .tdata.*)
                0x000000002000001c                __tdata_end__ = (__tdata_start__ + SIZEOF (.tdata))
                0x0000000000000000                __tdata_size__ = SIZEOF (.tdata)
                0x0000000000008ef4                __tdata_load_end__ = (__tdata_load_start__ + SIZEOF (.tdata))
                0x0000000000008ef4                __FLASH_segment_used_end__ = (ALIGN ((__data_load_start__ + SIZEOF (.data)), 0x4) + SIZEOF (.tdata))
                0x0000000000008ef4                __FLASH_segment_used_size__ = (__FLASH_segment_used_end__ - __FLASH_segment_start__)
                0x0000000000000001                . = ASSERT (((__tdata_load_start__ == __tdata_load_end__) || ((__tdata_load_end__ - __FLASH_segment_start__) <= __FLASH_segment_size__)), error: .tdata is too large to fit in FLASH memory segment)

.tdata_run      0x000000002000001c        0x0
                0x000000002000001c                __tdata_run_start__ = .
                0x000000002000001c                . = MAX ((__tdata_run_start__ + SIZEOF (.tdata)), .)
                0x000000002000001c                __tdata_run_end__ = (__tdata_run_start__ + SIZEOF (.tdata_run))
                0x0000000000000000                __tdata_run_size__ = SIZEOF (.tdata_run)
                0x000000002000001c                __tdata_run_load_end__ = __tdata_run_end__
                0x0000000000000001                . = ASSERT (((__tdata_run_start__ == __tdata_run_end__) || ((__tdata_run_end__ - __RAM_segment_start__) <= __RAM_segment_size__)), error: .tdata_run is too large to fit in RAM memory segment)
                0x000000002000001c                __bss_load_start__ = ALIGN (__tdata_run_end__, 0x4)

.bss            0x000000002000001c    0x1798c
                0x000000002000001c                __bss_start__ = .
 *(.bss .bss.* .gnu.linkonce.b.*)
 .bss.m_error_data.7809
                0x000000002000001c       0x20 Output/wristwatch-data_buffering-features Debug/Obj/app_error.o
 .bss.m_event_handler
                0x000000002000003c        0x4 Output/wristwatch-data_buffering-features Debug/Obj/app_uart_fifo.o
 .bss.tx_buffer
                0x0000000020000040        0x1 Output/wristwatch-data_buffering-features Debug/Obj/app_uart_fifo.o
 *fill*         0x0000000020000041        0x3 
 .bss.rx_buffer
                0x0000000020000044        0x1 Output/wristwatch-data_buffering-features Debug/Obj/app_uart_fifo.o
 .bss.m_rx_ovf  0x0000000020000045        0x1 Output/wristwatch-data_buffering-features Debug/Obj/app_uart_fifo.o
 *fill*         0x0000000020000046        0x2 
 .bss.m_rx_fifo
                0x0000000020000048       0x10 Output/wristwatch-data_buffering-features Debug/Obj/app_uart_fifo.o
 .bss.m_tx_fifo
                0x0000000020000058       0x10 Output/wristwatch-data_buffering-features Debug/Obj/app_uart_fifo.o
 .bss.m_in_critical_region
                0x0000000020000068        0x4 Output/wristwatch-data_buffering-features Debug/Obj/app_util_platform.o
 .bss.m_handlers
                0x000000002000006c        0x8 Output/wristwatch-data_buffering-features Debug/Obj/nrf_drv_uart.o
 .bss.m_contexts
                0x0000000020000074        0x8 Output/wristwatch-data_buffering-features Debug/Obj/nrf_drv_uart.o
 .bss.nrf_drv_uart_use_easy_dma
                0x000000002000007c        0x2 Output/wristwatch-data_buffering-features Debug/Obj/nrf_drv_uart.o
                0x000000002000007c                nrf_drv_uart_use_easy_dma
 *fill*         0x000000002000007e        0x2 
 .bss.m_prs_box_4
                0x0000000020000080        0x8 Output/wristwatch-data_buffering-features Debug/Obj/nrfx_prs.o
 .bss.m_cb      0x0000000020000088       0x2c Output/wristwatch-data_buffering-features Debug/Obj/nrfx_uart.o
 .bss.m_cb      0x00000000200000b4       0x24 Output/wristwatch-data_buffering-features Debug/Obj/nrfx_uarte.o
 .bss.m_cb      0x00000000200000d8       0x5c Output/wristwatch-data_buffering-features Debug/Obj/nrfx_gpiote.o
 .bss.m_cb      0x0000000020000134       0x34 Output/wristwatch-data_buffering-features Debug/Obj/nrfx_twim.o
 .bss.rst       0x0000000020000168        0x1 Output/wristwatch-data_buffering-features Debug/Obj/main.o
 *fill*         0x0000000020000169        0x3 
 .bss.acc_X     0x000000002000016c      0x400 Output/wristwatch-data_buffering-features Debug/Obj/main.o
                0x000000002000016c                acc_X
 .bss.acc_Y     0x000000002000056c      0x400 Output/wristwatch-data_buffering-features Debug/Obj/main.o
                0x000000002000056c                acc_Y
 .bss.acc_Z     0x000000002000096c      0x400 Output/wristwatch-data_buffering-features Debug/Obj/main.o
                0x000000002000096c                acc_Z
 .bss.acc_X_filtered
                0x0000000020000d6c      0x800 Output/wristwatch-data_buffering-features Debug/Obj/main.o
                0x0000000020000d6c                acc_X_filtered
 .bss.acc_Y_filtered
                0x000000002000156c      0x800 Output/wristwatch-data_buffering-features Debug/Obj/main.o
                0x000000002000156c                acc_Y_filtered
 .bss.acc_Z_filtered
                0x0000000020001d6c      0x800 Output/wristwatch-data_buffering-features Debug/Obj/main.o
                0x0000000020001d6c                acc_Z_filtered
 .bss.gyr_X     0x000000002000256c      0x400 Output/wristwatch-data_buffering-features Debug/Obj/main.o
                0x000000002000256c                gyr_X
 .bss.gyr_Y     0x000000002000296c      0x400 Output/wristwatch-data_buffering-features Debug/Obj/main.o
                0x000000002000296c                gyr_Y
 .bss.gyr_Z     0x0000000020002d6c      0x400 Output/wristwatch-data_buffering-features Debug/Obj/main.o
                0x0000000020002d6c                gyr_Z
 .bss.gyr_X_filtered
                0x000000002000316c      0x800 Output/wristwatch-data_buffering-features Debug/Obj/main.o
                0x000000002000316c                gyr_X_filtered
 .bss.gyr_Y_filtered
                0x000000002000396c      0x800 Output/wristwatch-data_buffering-features Debug/Obj/main.o
                0x000000002000396c                gyr_Y_filtered
 .bss.gyr_Z_filtered
                0x000000002000416c      0x800 Output/wristwatch-data_buffering-features Debug/Obj/main.o
                0x000000002000416c                gyr_Z_filtered
 .bss.acc_X_buffer
                0x000000002000496c      0x800 Output/wristwatch-data_buffering-features Debug/Obj/main.o
                0x000000002000496c                acc_X_buffer
 .bss.acc_Y_buffer
                0x000000002000516c      0x800 Output/wristwatch-data_buffering-features Debug/Obj/main.o
                0x000000002000516c                acc_Y_buffer
 .bss.acc_Z_buffer
                0x000000002000596c      0x800 Output/wristwatch-data_buffering-features Debug/Obj/main.o
                0x000000002000596c                acc_Z_buffer
 .bss.gyr_X_buffer
                0x000000002000616c      0x800 Output/wristwatch-data_buffering-features Debug/Obj/main.o
                0x000000002000616c                gyr_X_buffer
 .bss.gyr_Y_buffer
                0x000000002000696c      0x800 Output/wristwatch-data_buffering-features Debug/Obj/main.o
                0x000000002000696c                gyr_Y_buffer
 .bss.gyr_Z_buffer
                0x000000002000716c      0x800 Output/wristwatch-data_buffering-features Debug/Obj/main.o
                0x000000002000716c                gyr_Z_buffer
 .bss.dev_ctx   0x000000002000796c        0xc Output/wristwatch-data_buffering-features Debug/Obj/main.o
                0x000000002000796c                dev_ctx
 .bss.data_raw_acceleration.14916
                0x0000000020007978        0x6 Output/wristwatch-data_buffering-features Debug/Obj/main.o
 .bss.buffer_position.14912
                0x000000002000797e        0x2 Output/wristwatch-data_buffering-features Debug/Obj/main.o
 .bss.data_raw_gyroscope.14937
                0x0000000020007980        0x6 Output/wristwatch-data_buffering-features Debug/Obj/main.o
 *fill*         0x0000000020007986        0x2 
 .bss.data_raw_acceleration.14936
                0x0000000020007988        0x6 Output/wristwatch-data_buffering-features Debug/Obj/main.o
 .bss.buffer_position.14929
                0x000000002000798e        0x2 Output/wristwatch-data_buffering-features Debug/Obj/main.o
 .bss.state.14948
                0x0000000020007990        0x1 Output/wristwatch-data_buffering-features Debug/Obj/main.o
 *fill*         0x0000000020007991        0x3 
 .bss.rx_buf.8951
                0x0000000020007994     0x8000 Output/wristwatch-data_buffering-features Debug/Obj/BSP_UART.o
 .bss.tx_buf.8952
                0x000000002000f994     0x8000 Output/wristwatch-data_buffering-features Debug/Obj/BSP_UART.o
 .bss.count.5018
                0x0000000020017994        0x4 Output/wristwatch-data_buffering-features Debug/Obj/threshold_logic.o
 .bss.count_1_frames.5032
                0x0000000020017998        0x4 Output/wristwatch-data_buffering-features Debug/Obj/threshold_logic.o
 .bss.count_0_frames.5033
                0x000000002001799c        0x4 Output/wristwatch-data_buffering-features Debug/Obj/threshold_logic.o
 .bss.result.5046
                0x00000000200179a0        0x4 Output/wristwatch-data_buffering-features Debug/Obj/threshold_logic.o
 .bss.libc.__user_format_extender
                0x00000000200179a4        0x4 D:/Program files/SeggerIDE/lib/libc_v7em_fpv4_sp_d16_hard_t_le_eabi.a(libc2.o)
                0x00000000200179a4                __user_format_extender
 *(COMMON)
                0x00000000200179a8                __bss_end__ = (__bss_start__ + SIZEOF (.bss))
                0x000000000001798c                __bss_size__ = SIZEOF (.bss)
                0x00000000200179a8                __bss_load_end__ = __bss_end__
                0x0000000000000001                . = ASSERT (((__bss_start__ == __bss_end__) || ((__bss_end__ - __RAM_segment_start__) <= __RAM_segment_size__)), error: .bss is too large to fit in RAM memory segment)
                0x00000000200179a8                __tbss_load_start__ = ALIGN (__bss_end__, 0x4)

.tbss           0x00000000200179a8        0x4
                0x00000000200179a8                __tbss_start__ = .
 *(.tbss .tbss.*)
 .tbss.errno_val
                0x00000000200179a8        0x4 D:/Program files/SeggerIDE/lib/libc_v7em_fpv4_sp_d16_hard_t_le_eabi.a(libc2.o)
                0x00000000200179ac                __tbss_end__ = (__tbss_start__ + SIZEOF (.tbss))
                0x0000000000000004                __tbss_size__ = SIZEOF (.tbss)
                0x00000000200179ac                __tbss_load_end__ = __tbss_end__
                0x0000000000000001                . = ASSERT (((__tbss_start__ == __tbss_end__) || ((__tbss_end__ - __RAM_segment_start__) <= __RAM_segment_size__)), error: .tbss is too large to fit in RAM memory segment)
                0x00000000200179ac                __non_init_load_start__ = ALIGN (__tbss_end__, 0x4)

.non_init       0x00000000200179ac        0x0
                0x00000000200179ac                __non_init_start__ = .
 *(.non_init .non_init.*)
                0x00000000200179ac                __non_init_end__ = (__non_init_start__ + SIZEOF (.non_init))
                0x0000000000000000                __non_init_size__ = SIZEOF (.non_init)
                0x00000000200179ac                __non_init_load_end__ = __non_init_end__
                0x0000000000000001                . = ASSERT (((__non_init_start__ == __non_init_end__) || ((__non_init_end__ - __RAM_segment_start__) <= __RAM_segment_size__)), error: .non_init is too large to fit in RAM memory segment)
                0x00000000200179ac                __heap_load_start__ = ALIGN (__non_init_end__, 0x4)

.heap           0x00000000200179ac     0x2000
                0x00000000200179ac                __heap_start__ = .
 *(.heap .heap.*)
                0x00000000200199ac                . = ALIGN (MAX ((__heap_start__ + __HEAPSIZE__), .), 0x4)
 *fill*         0x00000000200179ac     0x2000 
                0x00000000200199ac                __heap_end__ = (__heap_start__ + SIZEOF (.heap))
                0x0000000000002000                __heap_size__ = SIZEOF (.heap)
                0x00000000200199ac                __heap_load_end__ = __heap_end__
                0x0000000000000001                . = ASSERT (((__heap_start__ == __heap_end__) || ((__heap_end__ - __RAM_segment_start__) <= __RAM_segment_size__)), error: .heap is too large to fit in RAM memory segment)
                0x000000002003e000                __stack_load_start__ = (__RAM_segment_start__ + (__RAM_segment_size__ - 0x2000))

.stack          0x000000002003e000     0x2000
                0x000000002003e000                __stack_start__ = .
                0x000000002003e000                __StackLimit = __stack_start__
 *(.stack .stack.*)
                0x0000000020040000                . = ALIGN (MAX ((__stack_start__ + __STACKSIZE__), .), 0x8)
 *fill*         0x000000002003e000     0x2000 
                0x0000000020040000                __stack_end__ = (__stack_start__ + SIZEOF (.stack))
                0x0000000000002000                __stack_size__ = SIZEOF (.stack)
                0x0000000020040000                __StackTop = __stack_end__
                0x0000000020040000                __stack_load_end__ = __stack_end__